Archive member included to satisfy reference by file (symbol)

/Applications/ArmGNUToolchain/15.2.rel1/arm-none-eabi/bin/../lib/gcc/arm-none-eabi/15.2.1/thumb/v6-m/nofp/libgcc.a(_dvmd_tls.o)
                              CMakeFiles/shinybot_pico_fw.dir/Users/jordan.sammut/pico-sdk/src/rp2_common/pico_divider/divider_hardware.S.o (__aeabi_idiv0)
/Applications/ArmGNUToolchain/15.2.rel1/arm-none-eabi/bin/../lib/gcc/arm-none-eabi/15.2.1/../../../../arm-none-eabi/lib/thumb/v6-m/nofp/libg.a(libc_a-ctype_.o)
                              CMakeFiles/shinybot_pico_fw.dir/src/main.c.o (_ctype_)
/Applications/ArmGNUToolchain/15.2.rel1/arm-none-eabi/bin/../lib/gcc/arm-none-eabi/15.2.1/../../../../arm-none-eabi/lib/thumb/v6-m/nofp/libg.a(libc_a-atoi.o)
                              CMakeFiles/shinybot_pico_fw.dir/Users/jordan.sammut/pico-sdk/lib/lwip/src/core/netif.c.o (atoi)
/Applications/ArmGNUToolchain/15.2.rel1/arm-none-eabi/bin/../lib/gcc/arm-none-eabi/15.2.1/../../../../arm-none-eabi/lib/thumb/v6-m/nofp/libg.a(libc_a-calloc.o)
                              CMakeFiles/shinybot_pico_fw.dir/Users/jordan.sammut/pico-sdk/src/rp2_common/pico_malloc/malloc.c.o (calloc)
/Applications/ArmGNUToolchain/15.2.rel1/arm-none-eabi/bin/../lib/gcc/arm-none-eabi/15.2.1/../../../../arm-none-eabi/lib/thumb/v6-m/nofp/libg.a(libc_a-callocr.o)
                              /Applications/ArmGNUToolchain/15.2.rel1/arm-none-eabi/bin/../lib/gcc/arm-none-eabi/15.2.1/../../../../arm-none-eabi/lib/thumb/v6-m/nofp/libg.a(libc_a-calloc.o) (_calloc_r)
/Applications/ArmGNUToolchain/15.2.rel1/arm-none-eabi/bin/../lib/gcc/arm-none-eabi/15.2.1/../../../../arm-none-eabi/lib/thumb/v6-m/nofp/libg.a(libc_a-malloc.o)
                              CMakeFiles/shinybot_pico_fw.dir/Users/jordan.sammut/pico-sdk/src/rp2_common/pico_malloc/malloc.c.o (malloc)
/Applications/ArmGNUToolchain/15.2.rel1/arm-none-eabi/bin/../lib/gcc/arm-none-eabi/15.2.1/../../../../arm-none-eabi/lib/thumb/v6-m/nofp/libg.a(libc_a-mallocr.o)
                              /Applications/ArmGNUToolchain/15.2.rel1/arm-none-eabi/bin/../lib/gcc/arm-none-eabi/15.2.1/../../../../arm-none-eabi/lib/thumb/v6-m/nofp/libg.a(libc_a-callocr.o) (_malloc_r)
/Applications/ArmGNUToolchain/15.2.rel1/arm-none-eabi/bin/../lib/gcc/arm-none-eabi/15.2.1/../../../../arm-none-eabi/lib/thumb/v6-m/nofp/libg.a(libc_a-mlock.o)
                              /Applications/ArmGNUToolchain/15.2.rel1/arm-none-eabi/bin/../lib/gcc/arm-none-eabi/15.2.1/../../../../arm-none-eabi/lib/thumb/v6-m/nofp/libg.a(libc_a-mallocr.o) (__malloc_lock)
/Applications/ArmGNUToolchain/15.2.rel1/arm-none-eabi/bin/../lib/gcc/arm-none-eabi/15.2.1/../../../../arm-none-eabi/lib/thumb/v6-m/nofp/libg.a(libc_a-realloc.o)
                              CMakeFiles/shinybot_pico_fw.dir/Users/jordan.sammut/pico-sdk/src/rp2_common/pico_malloc/malloc.c.o (realloc)
/Applications/ArmGNUToolchain/15.2.rel1/arm-none-eabi/bin/../lib/gcc/arm-none-eabi/15.2.1/../../../../arm-none-eabi/lib/thumb/v6-m/nofp/libg.a(libc_a-reallocr.o)
                              /Applications/ArmGNUToolchain/15.2.rel1/arm-none-eabi/bin/../lib/gcc/arm-none-eabi/15.2.1/../../../../arm-none-eabi/lib/thumb/v6-m/nofp/libg.a(libc_a-realloc.o) (_realloc_r)
/Applications/ArmGNUToolchain/15.2.rel1/arm-none-eabi/bin/../lib/gcc/arm-none-eabi/15.2.1/../../../../arm-none-eabi/lib/thumb/v6-m/nofp/libg.a(libc_a-strtol.o)
                              /Applications/ArmGNUToolchain/15.2.rel1/arm-none-eabi/bin/../lib/gcc/arm-none-eabi/15.2.1/../../../../arm-none-eabi/lib/thumb/v6-m/nofp/libg.a(libc_a-atoi.o) (_strtol_r)
/Applications/ArmGNUToolchain/15.2.rel1/arm-none-eabi/bin/../lib/gcc/arm-none-eabi/15.2.1/../../../../arm-none-eabi/lib/thumb/v6-m/nofp/libg.a(libc_a-strtoul.o)
                              CMakeFiles/shinybot_pico_fw.dir/src/main.c.o (strtoul)
/Applications/ArmGNUToolchain/15.2.rel1/arm-none-eabi/bin/../lib/gcc/arm-none-eabi/15.2.1/../../../../arm-none-eabi/lib/thumb/v6-m/nofp/libg.a(libc_a-memcmp.o)
                              CMakeFiles/shinybot_pico_fw.dir/Users/jordan.sammut/pico-sdk/src/rp2_common/pico_atomic/atomic.c.o (memcmp)
/Applications/ArmGNUToolchain/15.2.rel1/arm-none-eabi/bin/../lib/gcc/arm-none-eabi/15.2.1/../../../../arm-none-eabi/lib/thumb/v6-m/nofp/libg.a(libc_a-memmove.o)
                              CMakeFiles/shinybot_pico_fw.dir/src/main.c.o (memmove)
/Applications/ArmGNUToolchain/15.2.rel1/arm-none-eabi/bin/../lib/gcc/arm-none-eabi/15.2.1/../../../../arm-none-eabi/lib/thumb/v6-m/nofp/libg.a(libc_a-strncmp.o)
                              CMakeFiles/shinybot_pico_fw.dir/Users/jordan.sammut/pico-sdk/lib/lwip/src/core/def.c.o (strncmp)
/Applications/ArmGNUToolchain/15.2.rel1/arm-none-eabi/bin/../lib/gcc/arm-none-eabi/15.2.1/../../../../arm-none-eabi/lib/thumb/v6-m/nofp/libg.a(libc_a-strncpy.o)
                              CMakeFiles/shinybot_pico_fw.dir/src/main.c.o (strncpy)
[...]
Memory Configuration

Name             Origin             Length             Attributes
FLASH            0x10000000         0x00200000         xr
RAM              0x20000000         0x00040000         xrw
SCRATCH_X        0x20040000         0x00001000         xrw
SCRATCH_Y        0x20041000         0x00001000         xrw
*default*        0x00000000         0xffffffff

Linker script and memory map

LOAD /Applications/ArmGNUToolchain/15.2.rel1/arm-none-eabi/bin/../lib/gcc/arm-none-eabi/15.2.1/thumb/v6-m/nofp/crti.o
LOAD /Applications/ArmGNUToolchain/15.2.rel1/arm-none-eabi/bin/../lib/gcc/arm-none-eabi/15.2.1/thumb/v6-m/nofp/crtbegin.o
LOAD /Applications/ArmGNUToolchain/15.2.rel1/arm-none-eabi/bin/../lib/gcc/arm-none-eabi/15.2.1/../../../../arm-none-eabi/lib/thumb/v6-m/nofp/crt0.o

.flash_begin    0x10000000        0x0
                0x10000000                        __flash_binary_start = .

.boot2          0x10000000      0x100
                0x10000000                        __boot2_start__ = .
 *(.boot2)
 .boot2         0x10000000      0x100 pico-sdk/src/rp2040/boot_stage2/CMakeFiles/bs2_default_library.dir/bs2_default_padded_checksummed.S.o
                0x10000100                        __boot2_end__ = .
                0x00000001                        ASSERT (((__boot2_end__ - __boot2_start__) == 0x100), ERROR: Pico second stage bootloader must be 256 bytes in size)

.text           0x10000100    0x1751c
                0x10000100                        __logical_binary_start = .
 *(.vectors)
 .vectors       0x10000100       0xd4 CMakeFiles/shinybot_pico_fw.dir/Users/jordan.sammut/pico-sdk/src/rp2_common/pico_crt0/crt0.S.o
                0x10000100                __VECTOR_TABLE
                0x10000100                __vectors
                0x100001c0                isr_irq13
                0x100001c0                isr_irq27
                0x100001c0                isr_irq31
                0x100001c0                isr_irq5
                0x100001c0                isr_irq11
                0x100001c0                isr_irq23
                0x100001c0                isr_irq18
                0x100001c0                isr_irq9
                0x100001c0                __unhandled_user_irq
                0x100001c0                isr_irq25
                0x100001c0                isr_irq4
                0x100001c0                isr_irq16
                0x100001c0                isr_irq29
                0x100001c0                isr_irq26
                0x100001c0                isr_irq3
                0x100001c0                isr_irq12
                0x100001c0                isr_irq30
                0x100001c0                isr_irq28
                0x100001c0                isr_irq19
                0x100001c0                isr_irq0
                0x100001c0                isr_irq6
                0x100001c0                isr_irq22
                0x100001c0                isr_irq17
                0x100001c0                isr_irq14
                0x100001c0                __vectors_end
                0x100001c0                __default_isrs_start
                0x100001c0                isr_irq2
                0x100001c0                isr_irq10
                0x100001c0                isr_irq8
                0x100001c0                isr_irq24
                0x100001c0                isr_irq1
                0x100001c0                isr_irq7
                0x100001c0                isr_irq21
                0x100001c0                isr_irq20
                0x100001c0                isr_irq15
                0x100001c6                unhandled_user_irq_num_in_r0
                0x100001c8                isr_invalid
                0x100001ca                isr_nmi
                0x100001cc                isr_hardfault
                0x100001ce                isr_svcall
                0x100001d0                isr_pendsv
                0x100001d2                isr_systick
                0x100001d4                __default_isrs_end
 *(.binary_info_header)
 .binary_info_header
                0x100001d4       0x14 CMakeFiles/shinybot_pico_fw.dir/Users/jordan.sammut/pico-sdk/src/rp2_common/pico_crt0/crt0.S.o
                0x100001e8                        __binary_info_header_end = .
 *(.embedded_block)
                0x100001e8                        __embedded_block_end = .
 *(.reset)
 .reset         0x100001e8       0x9c CMakeFiles/shinybot_pico_fw.dir/Users/jordan.sammut/pico-sdk/src/rp2_common/pico_crt0/crt0.S.o
                0x100001e8                _entry_point
 *(.init)
 .init          0x10000284        0x4 /Applications/ArmGNUToolchain/15.2.rel1/arm-none-eabi/bin/../lib/gcc/arm-none-eabi/15.2.1/thumb/v6-m/nofp/crti.o
                0x10000284                _init
 *(EXCLUDE_FILE(*libm.a: *libc.a:*lib_a-mem*.o *libgcc.a:) .text*)
 .text.register_tm_clones
                0x10000288       0x28 /Applications/ArmGNUToolchain/15.2.rel1/arm-none-eabi/bin/../lib/gcc/arm-none-eabi/15.2.1/thumb/v6-m/nofp/crtbegin.o
 .text.frame_dummy
                0x100002b0       0x24 /Applications/ArmGNUToolchain/15.2.rel1/arm-none-eabi/bin/../lib/gcc/arm-none-eabi/15.2.1/thumb/v6-m/nofp/crtbegin.o
 .text.on_accept
                0x100002d4       0x1c CMakeFiles/shinybot_pico_fw.dir/src/main.c.o
 .text.on_sent  0x100002f0       0x24 CMakeFiles/shinybot_pico_fw.dir/src/main.c.o
 .text.parse_button
                0x10000314       0xe4 CMakeFiles/shinybot_pico_fw.dir/src/main.c.o
 .text.on_recv.part.0
                0x100003f8      0x6cc CMakeFiles/shinybot_pico_fw.dir/src/main.c.o
 .text.on_recv  0x10000ac4       0x28 CMakeFiles/shinybot_pico_fw.dir/src/main.c.o
 .text.tud_mount_cb
                0x10000aec       0x68 CMakeFiles/shinybot_pico_fw.dir/src/main.c.o
                0x10000aec                tud_mount_cb
 .text.tud_hid_report_complete_cb
                0x10000b54        0x4 CMakeFiles/shinybot_pico_fw.dir/src/main.c.o
                0x10000b54                tud_hid_report_complete_cb
 .text.startup.main
                0x10000b58      0x2a0 CMakeFiles/shinybot_pico_fw.dir/src/main.c.o
                0x10000b58                main
 .text.tud_hid_descriptor_report_cb
                0x10000df8        0x8 CMakeFiles/shinybot_pico_fw.dir/src/usb_descriptors.c.o
                0x10000df8                tud_hid_descriptor_report_cb
 .text.tud_hid_get_report_cb
                0x10000e00       0x14 CMakeFiles/shinybot_pico_fw.dir/src/usb_descriptors.c.o
                0x10000e00                tud_hid_get_report_cb
 .text.tud_hid_set_report_cb
                0x10000e14        0x4 CMakeFiles/shinybot_pico_fw.dir/src/usb_descriptors.c.o
                0x10000e14                tud_hid_set_report_cb
 .text.tud_descriptor_device_cb
                0x10000e18        0x8 CMakeFiles/shinybot_pico_fw.dir/src/usb_descriptors.c.o
                0x10000e18                tud_descriptor_device_cb
 .text.tud_descriptor_configuration_cb
                0x10000e20        0x8 CMakeFiles/shinybot_pico_fw.dir/src/usb_descriptors.c.o
                0x10000e20                tud_descriptor_configuration_cb
 .text.tud_descriptor_string_cb
                0x10000e28       0x7c CMakeFiles/shinybot_pico_fw.dir/src/usb_descriptors.c.o
                0x10000e28                tud_descriptor_string_cb
 .text.gpio_set_function
                0x10000ea4       0x30 CMakeFiles/shinybot_pico_fw.dir/Users/jordan.sammut/pico-sdk/src/rp2_common/hardware_gpio/gpio.c.o
                0x10000ea4                gpio_set_function
 .text.gpio_set_pulls
                0x10000ed4       0x24 CMakeFiles/shinybot_pico_fw.dir/Users/jordan.sammut/pico-sdk/src/rp2_common/hardware_gpio/gpio.c.o
                0x10000ed4                gpio_set_pulls
 .text.gpio_set_input_hysteresis_enabled
                0x10000ef8       0x24 CMakeFiles/shinybot_pico_fw.dir/Users/jordan.sammut/pico-sdk/src/rp2_common/hardware_gpio/gpio.c.o
                0x10000ef8                gpio_set_input_hysteresis_enabled
 .text.gpio_set_irq_enabled
                0x10000f1c       0x54 CMakeFiles/shinybot_pico_fw.dir/Users/jordan.sammut/pico-sdk/src/rp2_common/hardware_gpio/gpio.c.o
                0x10000f1c                gpio_set_irq_enabled
 .text.gpio_add_raw_irq_handler_with_order_priority_masked
                0x10000f70       0x40 CMakeFiles/shinybot_pico_fw.dir/Users/jordan.sammut/pico-sdk/src/rp2_common/hardware_gpio/gpio.c.o
                0x10000f70                gpio_add_raw_irq_handler_with_order_priority_masked
 .text.gpio_remove_raw_irq_handler_masked
                0x10000fb0       0x20 CMakeFiles/shinybot_pico_fw.dir/Users/jordan.sammut/pico-sdk/src/rp2_common/hardware_gpio/gpio.c.o
                0x10000fb0                gpio_remove_raw_irq_handler_masked
 .text.gpio_init
                0x10000fd0       0x3c CMakeFiles/shinybot_pico_fw.dir/Users/jordan.sammut/pico-sdk/src/rp2_common/hardware_gpio/gpio.c.o
                0x10000fd0                gpio_init
 .text.rp2040_chip_version
                0x1000100c        0xc CMakeFiles/shinybot_pico_fw.dir/Users/jordan.sammut/pico-sdk/src/rp2040/pico_platform/platform.c.o
                0x1000100c                rp2040_chip_version
 .text.panic    0x10001018       0x30 CMakeFiles/shinybot_pico_fw.dir/Users/jordan.sammut/pico-sdk/src/rp2_common/pico_platform_panic/panic.c.o
                0x10001018                panic
 .text.hw_claim_lock
                0x10001048       0x18 CMakeFiles/shinybot_pico_fw.dir/Users/jordan.sammut/pico-sdk/src/common/hardware_claim/claim.c.o
                0x10001048                hw_claim_lock
 .text.hw_claim_unlock
                0x10001060       0x14 CMakeFiles/shinybot_pico_fw.dir/Users/jordan.sammut/pico-sdk/src/common/hardware_claim/claim.c.o
                0x10001060                hw_claim_unlock
 .text.hw_claim_or_assert
                0x10001074       0x50 CMakeFiles/shinybot_pico_fw.dir/Users/jordan.sammut/pico-sdk/src/common/hardware_claim/claim.c.o
                0x10001074                hw_claim_or_assert
 .text.hw_claim_unused_from_range
                0x100010c4       0x88 CMakeFiles/shinybot_pico_fw.dir/Users/jordan.sammut/pico-sdk/src/common/hardware_claim/claim.c.o
                0x100010c4                hw_claim_unused_from_range
 .text.hw_claim_clear
                0x1000114c       0x40 CMakeFiles/shinybot_pico_fw.dir/Users/jordan.sammut/pico-sdk/src/common/hardware_claim/claim.c.o
                0x1000114c                hw_claim_clear
 .text.next_striped_spin_lock_num
                0x1000118c       0x18 CMakeFiles/shinybot_pico_fw.dir/Users/jordan.sammut/pico-sdk/src/rp2_common/hardware_sync/sync.c.o
                0x1000118c                next_striped_spin_lock_num
 .text.spin_lock_claim_unused
                0x100011a4       0x20 CMakeFiles/shinybot_pico_fw.dir/Users/jordan.sammut/pico-sdk/src/rp2_common/hardware_sync/sync.c.o
                0x100011a4                spin_lock_claim_unused
 .text.spin_locks_reset
                0x100011c4       0x1c CMakeFiles/shinybot_pico_fw.dir/Users/jordan.sammut/pico-sdk/src/rp2_common/hardware_sync_spin_lock/sync_spin_lock.c.o
                0x100011c4                spin_locks_reset
 .text.runtime_init_per_core_irq_priorities
                0x100011e0       0x48 CMakeFiles/shinybot_pico_fw.dir/Users/jordan.sammut/pico-sdk/src/rp2_common/hardware_irq/irq.c.o
                0x100011e0                runtime_init_per_core_irq_priorities
 .text.irq_set_enabled
                0x10001228       0x24 CMakeFiles/shinybot_pico_fw.dir/Users/jordan.sammut/pico-sdk/src/rp2_common/hardware_irq/irq.c.o
                0x10001228                irq_set_enabled
 .text.irq_set_pending
                0x1000124c       0x10 CMakeFiles/shinybot_pico_fw.dir/Users/jordan.sammut/pico-sdk/src/rp2_common/hardware_irq/irq.c.o
                0x1000124c                irq_set_pending
 .text.irq_set_exclusive_handler
                0x1000125c       0x54 CMakeFiles/shinybot_pico_fw.dir/Users/jordan.sammut/pico-sdk/src/rp2_common/hardware_irq/irq.c.o
                0x1000125c                irq_set_exclusive_handler
 .text.irq_add_shared_handler
                0x100012b0      0x1cc CMakeFiles/shinybot_pico_fw.dir/Users/jordan.sammut/pico-sdk/src/rp2_common/hardware_irq/irq.c.o
                0x100012b0                irq_add_shared_handler
 .text.irq_remove_handler
                0x1000147c      0x1c8 CMakeFiles/shinybot_pico_fw.dir/Users/jordan.sammut/pico-sdk/src/rp2_common/hardware_irq/irq.c.o
                0x1000147c                irq_remove_handler
 .text.irq_set_priority
                0x10001644       0x28 CMakeFiles/shinybot_pico_fw.dir/Users/jordan.sammut/pico-sdk/src/rp2_common/hardware_irq/irq.c.o
                0x10001644                irq_set_priority
 .text.irq_add_tail_to_free_list
                0x1000166c       0xb4 CMakeFiles/shinybot_pico_fw.dir/Users/jordan.sammut/pico-sdk/src/rp2_common/hardware_irq/irq.c.o
                0x1000166c                irq_add_tail_to_free_list
 .text.user_irq_unclaim
                0x10001720       0x14 CMakeFiles/shinybot_pico_fw.dir/Users/jordan.sammut/pico-sdk/src/rp2_common/hardware_irq/irq.c.o
                0x10001720                user_irq_unclaim
 .text.user_irq_claim_unused
                0x10001734       0x28 CMakeFiles/shinybot_pico_fw.dir/Users/jordan.sammut/pico-sdk/src/rp2_common/hardware_irq/irq.c.o
                0x10001734                user_irq_claim_unused
 .text.sem_init
                0x1000175c       0x20 CMakeFiles/shinybot_pico_fw.dir/Users/jordan.sammut/pico-sdk/src/common/pico_sync/sem.c.o
                0x1000175c                sem_init
 .text.lock_init
                0x1000177c       0x10 CMakeFiles/shinybot_pico_fw.dir/Users/jordan.sammut/pico-sdk/src/common/pico_sync/lock_core.c.o
                0x1000177c                lock_init
 .text.runtime_init_mutex
                0x1000178c       0x50 CMakeFiles/shinybot_pico_fw.dir/Users/jordan.sammut/pico-sdk/src/common/pico_sync/mutex.c.o
                0x1000178c                runtime_init_mutex
 .text.mutex_init
                0x100017dc       0x1c CMakeFiles/shinybot_pico_fw.dir/Users/jordan.sammut/pico-sdk/src/common/pico_sync/mutex.c.o
                0x100017dc                mutex_init
 .text.recursive_mutex_init
                0x100017f8       0x1c CMakeFiles/shinybot_pico_fw.dir/Users/jordan.sammut/pico-sdk/src/common/pico_sync/mutex.c.o
                0x100017f8                recursive_mutex_init
 .text.critical_section_init
                0x10001814       0x1c CMakeFiles/shinybot_pico_fw.dir/Users/jordan.sammut/pico-sdk/src/common/pico_sync/critical_section.c.o
                0x10001814                critical_section_init
 .text.sleep_until_callback
                0x10001830       0x30 CMakeFiles/shinybot_pico_fw.dir/Users/jordan.sammut/pico-sdk/src/common/pico_time/time.c.o
 .text.alarm_pool_irq_handler
                0x10001860      0x2f4 CMakeFiles/shinybot_pico_fw.dir/Users/jordan.sammut/pico-sdk/src/common/pico_time/time.c.o
 .text.runtime_init_default_alarm_pool
                0x10001b54       0xd8 CMakeFiles/shinybot_pico_fw.dir/Users/jordan.sammut/pico-sdk/src/common/pico_time/time.c.o
                0x10001b54                runtime_init_default_alarm_pool
 .text.alarm_pool_get_default
                0x10001c2c        0x8 CMakeFiles/shinybot_pico_fw.dir/Users/jordan.sammut/pico-sdk/src/common/pico_time/time.c.o
                0x10001c2c                alarm_pool_get_default
 .text.alarm_pool_add_alarm_at
                0x10001c34       0xcc CMakeFiles/shinybot_pico_fw.dir/Users/jordan.sammut/pico-sdk/src/common/pico_time/time.c.o
                0x10001c34                alarm_pool_add_alarm_at
 .text.alarm_pool_add_alarm_at_force_in_context
                0x10001d00       0xbc CMakeFiles/shinybot_pico_fw.dir/Users/jordan.sammut/pico-sdk/src/common/pico_time/time.c.o
                0x10001d00                alarm_pool_add_alarm_at_force_in_context
 .text.alarm_pool_cancel_alarm
                0x10001dbc       0x74 CMakeFiles/shinybot_pico_fw.dir/Users/jordan.sammut/pico-sdk/src/common/pico_time/time.c.o
                0x10001dbc                alarm_pool_cancel_alarm
 .text.sleep_until
                0x10001e30       0xc8 CMakeFiles/shinybot_pico_fw.dir/Users/jordan.sammut/pico-sdk/src/common/pico_time/time.c.o
                0x10001e30                sleep_until
 .text.sleep_ms
                0x10001ef8       0xfc CMakeFiles/shinybot_pico_fw.dir/Users/jordan.sammut/pico-sdk/src/common/pico_time/time.c.o
                0x10001ef8                sleep_ms
 .text.best_effort_wfe_or_timeout
                0x10001ff4      0x100 CMakeFiles/shinybot_pico_fw.dir/Users/jordan.sammut/pico-sdk/src/common/pico_time/time.c.o
                0x10001ff4                best_effort_wfe_or_timeout
 .text.timer_hardware_alarm_claim
                0x100020f4       0x14 CMakeFiles/shinybot_pico_fw.dir/Users/jordan.sammut/pico-sdk/src/rp2_common/hardware_timer/timer.c.o
                0x100020f4                timer_hardware_alarm_claim
 .text.timer_time_us_64
                0x10002108       0x10 CMakeFiles/shinybot_pico_fw.dir/Users/jordan.sammut/pico-sdk/src/rp2_common/hardware_timer/timer.c.o
                0x10002108                timer_time_us_64
 .text.time_us_64
                0x10002118       0x14 CMakeFiles/shinybot_pico_fw.dir/Users/jordan.sammut/pico-sdk/src/rp2_common/hardware_timer/timer.c.o
                0x10002118                time_us_64
 .text.busy_wait_until
                0x1000212c       0x20 CMakeFiles/shinybot_pico_fw.dir/Users/jordan.sammut/pico-sdk/src/rp2_common/hardware_timer/timer.c.o
                0x1000212c                busy_wait_until
 .text.clock_configure_int_divider
                0x1000214c       0xec CMakeFiles/shinybot_pico_fw.dir/Users/jordan.sammut/pico-sdk/src/rp2_common/hardware_clocks/clocks.c.o
                0x1000214c                clock_configure_int_divider
 .text.clock_configure_undivided
                0x10002238       0xe0 CMakeFiles/shinybot_pico_fw.dir/Users/jordan.sammut/pico-sdk/src/rp2_common/hardware_clocks/clocks.c.o
                0x10002238                clock_configure_undivided
 .text.clock_get_hz
                0x10002318        0xc CMakeFiles/shinybot_pico_fw.dir/Users/jordan.sammut/pico-sdk/src/rp2_common/hardware_clocks/clocks.c.o
                0x10002318                clock_get_hz
 .text.pll_init
                0x10002324       0xb0 CMakeFiles/shinybot_pico_fw.dir/Users/jordan.sammut/pico-sdk/src/rp2_common/hardware_pll/pll.c.o
                0x10002324                pll_init
 .text.tick_start
                0x100023d4       0x10 CMakeFiles/shinybot_pico_fw.dir/Users/jordan.sammut/pico-sdk/src/rp2_common/hardware_ticks/ticks.c.o
                0x100023d4                tick_start
 .text.rom_func_lookup
                0x100023e4       0x10 CMakeFiles/shinybot_pico_fw.dir/Users/jordan.sammut/pico-sdk/src/rp2_common/pico_bootrom/bootrom.c.o
                0x100023e4                rom_func_lookup
 .text.rom_data_lookup
                0x100023f4       0x10 CMakeFiles/shinybot_pico_fw.dir/Users/jordan.sammut/pico-sdk/src/rp2_common/pico_bootrom/bootrom.c.o
                0x100023f4                rom_data_lookup
 .text.rom_funcs_lookup
                0x10002404       0x44 CMakeFiles/shinybot_pico_fw.dir/Users/jordan.sammut/pico-sdk/src/rp2_common/pico_bootrom/bootrom.c.o
                0x10002404                rom_funcs_lookup
 .text.xosc_init
                0x10002448       0x28 CMakeFiles/shinybot_pico_fw.dir/Users/jordan.sammut/pico-sdk/src/rp2_common/hardware_xosc/xosc.c.o
                0x10002448                xosc_init
 .text.first_per_core_initializer
                0x10002470        0x4 CMakeFiles/shinybot_pico_fw.dir/Users/jordan.sammut/pico-sdk/src/rp2_common/pico_runtime/runtime.c.o
 .text.hard_assertion_failure
                0x10002474        0xc CMakeFiles/shinybot_pico_fw.dir/Users/jordan.sammut/pico-sdk/src/rp2_common/pico_runtime/runtime.c.o
                0x10002474                hard_assertion_failure
 .text.runtime_run_initializers
                0x10002480       0x28 CMakeFiles/shinybot_pico_fw.dir/Users/jordan.sammut/pico-sdk/src/rp2_common/pico_runtime/runtime.c.o
                0x10002480                runtime_run_initializers
 .text.runtime_init_early_resets
                0x100024a8       0x2c CMakeFiles/shinybot_pico_fw.dir/Users/jordan.sammut/pico-sdk/src/rp2_common/pico_runtime_init/runtime_init.c.o
                0x100024a8                runtime_init_early_resets
 .text.runtime_init_usb_power_down
                0x100024d4       0x1c CMakeFiles/shinybot_pico_fw.dir/Users/jordan.sammut/pico-sdk/src/rp2_common/pico_runtime_init/runtime_init.c.o
                0x100024d4                runtime_init_usb_power_down
 .text.runtime_init_post_clock_resets
                0x100024f0       0x20 CMakeFiles/shinybot_pico_fw.dir/Users/jordan.sammut/pico-sdk/src/rp2_common/pico_runtime_init/runtime_init.c.o
                0x100024f0                runtime_init_post_clock_resets
 .text.runtime_init_rp2040_gpio_ie_disable
                0x10002510       0x14 CMakeFiles/shinybot_pico_fw.dir/Users/jordan.sammut/pico-sdk/src/rp2_common/pico_runtime_init/runtime_init.c.o
                0x10002510                runtime_init_rp2040_gpio_ie_disable
 .text.runtime_init_spin_locks_reset
                0x10002524        0x8 CMakeFiles/shinybot_pico_fw.dir/Users/jordan.sammut/pico-sdk/src/rp2_common/pico_runtime_init/runtime_init.c.o
                0x10002524                runtime_init_spin_locks_reset
 .text.runtime_init_install_ram_vector_table
                0x1000252c       0xb8 CMakeFiles/shinybot_pico_fw.dir/Users/jordan.sammut/pico-sdk/src/rp2_common/pico_runtime_init/runtime_init.c.o
                0x1000252c                runtime_init_install_ram_vector_table
 .text.runtime_init_clocks
                0x100025e4       0xd8 CMakeFiles/shinybot_pico_fw.dir/Users/jordan.sammut/pico-sdk/src/rp2_common/pico_runtime_init/runtime_init_clocks.c.o
                0x100025e4                runtime_init_clocks
 .text          0x100026bc       0x10 CMakeFiles/shinybot_pico_fw.dir/Users/jordan.sammut/pico-sdk/src/rp2_common/pico_bit_ops/bit_ops_aeabi.S.o
 .text.ctzsi    0x100026cc        0xc CMakeFiles/shinybot_pico_fw.dir/Users/jordan.sammut/pico-sdk/src/rp2_common/pico_bit_ops/bit_ops_aeabi.S.o
                0x100026cc                __wrap___ctzsi2
 .text.__wrap___aeabi_idiv
                0x100026d8       0x50 CMakeFiles/shinybot_pico_fw.dir/Users/jordan.sammut/pico-sdk/src/rp2_common/pico_divider/divider_hardware.S.o
                0x100026d8                __wrap___aeabi_idivmod
                0x100026d8                divmod_s32s32
                0x100026d8                div_s32s32
                0x100026d8                __wrap___aeabi_idiv
                0x100026e0                divmod_s32s32_unsafe
                0x1000270c                divmod_s32s32_savestate
 .text.__wrap___aeabi_uidiv
                0x10002728       0x4c CMakeFiles/shinybot_pico_fw.dir/Users/jordan.sammut/pico-sdk/src/rp2_common/pico_divider/divider_hardware.S.o
                0x10002728                __wrap___aeabi_uidiv
                0x10002728                __wrap___aeabi_uidivmod
                0x10002728                div_u32u32
                0x10002728                divmod_u32u32
                0x10002730                divmod_u32u32_unsafe
                0x10002758                divmod_u32u32_savestate
 .text.__wrap___aeabi_ldiv
                0x10002774      0x424 CMakeFiles/shinybot_pico_fw.dir/Users/jordan.sammut/pico-sdk/src/rp2_common/pico_divider/divider_hardware.S.o
                0x10002774                __wrap___aeabi_ldivmod
                0x10002774                div_s64s64
                0x10002774                divmod_s64s64
                0x100027a4                divmod_u64u64
                0x100027a4                div_u64u64
                0x100027a4                __wrap___aeabi_uldivmod
                0x100027b4                divmod_u64u64_savestate
                0x100027d4                divmod_s64s64_unsafe
                0x1000285c                divmod_u64u64_unsafe
 .text.__wrap___aeabi_darithmetic
                0x10002b98       0x60 CMakeFiles/shinybot_pico_fw.dir/Users/jordan.sammut/pico-sdk/src/rp2_common/pico_double/double_aeabi_rp2040.S.o
                0x10002b98                __wrap___aeabi_drsub
                0x10002b9e                __wrap___aeabi_dsub
                0x10002ba8                __wrap___aeabi_dadd
                0x10002bb2                __wrap___aeabi_ddiv
                0x10002be6                __wrap___aeabi_dmul
 .text.__wrap___aeabi_cdcmple
                0x10002bf8       0x6c CMakeFiles/shinybot_pico_fw.dir/Users/jordan.sammut/pico-sdk/src/rp2_common/pico_double/double_aeabi_rp2040.S.o
                0x10002bf8                __wrap___aeabi_cdrcmple
                0x10002c08                __wrap___aeabi_cdcmple
                0x10002c08                __wrap___aeabi_cdcmpeq
 .text.__wrap___aeabi_dcmplt
                0x10002c64        0xc CMakeFiles/shinybot_pico_fw.dir/Users/jordan.sammut/pico-sdk/src/rp2_common/pico_double/double_aeabi_rp2040.S.o
                0x10002c64                __wrap___aeabi_dcmplt
 .text.__wrap___aeabi_dcmple
                0x10002c70       0x10 CMakeFiles/shinybot_pico_fw.dir/Users/jordan.sammut/pico-sdk/src/rp2_common/pico_double/double_aeabi_rp2040.S.o
                0x10002c70                __wrap___aeabi_dcmple
 .text.__wrap___aeabi_dcmpge
                0x10002c80       0x10 CMakeFiles/shinybot_pico_fw.dir/Users/jordan.sammut/pico-sdk/src/rp2_common/pico_double/double_aeabi_rp2040.S.o
                0x10002c80                __wrap___aeabi_dcmpge
 .text.__wrap___aeabi_dcmpgt
                0x10002c90        0xa CMakeFiles/shinybot_pico_fw.dir/Users/jordan.sammut/pico-sdk/src/rp2_common/pico_double/double_aeabi_rp2040.S.o
                0x10002c90                __wrap___aeabi_dcmpgt
 .text.__wrap___aeabi_dcmpun
                0x10002c9a       0x18 CMakeFiles/shinybot_pico_fw.dir/Users/jordan.sammut/pico-sdk/src/rp2_common/pico_double/double_aeabi_rp2040.S.o
                0x10002c9a                __wrap___aeabi_dcmpun
 *fill*         0x10002cb2        0x2 
 .text.__wrap___aeabi_i2d
                0x10002cb4       0x38 CMakeFiles/shinybot_pico_fw.dir/Users/jordan.sammut/pico-sdk/src/rp2_common/pico_double/double_aeabi_rp2040.S.o
                0x10002cb4                __wrap___aeabi_ui2d
                0x10002cb4                uint2double
                0x10002cbc                __wrap___aeabi_i2d
                0x10002cbc                int2double
 .text.__wrap___aeabi_d2iz
                0x10002cec       0x48 CMakeFiles/shinybot_pico_fw.dir/Users/jordan.sammut/pico-sdk/src/rp2_common/pico_double/double_aeabi_rp2040.S.o
                0x10002cec                __wrap___aeabi_d2iz
                0x10002cec                double2int_z
 .text.__wrap___aeabi_d2uiz
                0x10002d34       0x10 CMakeFiles/shinybot_pico_fw.dir/Users/jordan.sammut/pico-sdk/src/rp2_common/pico_double/double_aeabi_rp2040.S.o
                0x10002d34                double2uint_z
                0x10002d34                double2uint
                0x10002d34                __wrap___aeabi_d2uiz
 .text.missing_double_func_shim
                0x10002d44        0xc CMakeFiles/shinybot_pico_fw.dir/Users/jordan.sammut/pico-sdk/src/rp2_common/pico_double/double_init_rom_rp2040.c.o
 .text.__aeabi_double_init
                0x10002d50       0xa0 CMakeFiles/shinybot_pico_fw.dir/Users/jordan.sammut/pico-sdk/src/rp2_common/pico_double/double_init_rom_rp2040.c.o
                0x10002d50                __aeabi_double_init
 .text.double_table_shim_on_use_helper
                0x10002df0       0x2c CMakeFiles/shinybot_pico_fw.dir/Users/jordan.sammut/pico-sdk/src/rp2_common/pico_double/double_v1_rom_shim_rp2040.S.o
                0x10002df0                double_table_shim_on_use_helper
 .text.__aeabi_lmul
                0x10002e1c       0x32 CMakeFiles/shinybot_pico_fw.dir/Users/jordan.sammut/pico-sdk/src/rp2_common/pico_int64_ops/pico_int64_ops_aeabi.S.o
                0x10002e1c                __wrap___aeabi_lmul
 *fill*         0x10002e4e        0x2 
 .text.missing_float_func_shim
                0x10002e50        0xc CMakeFiles/shinybot_pico_fw.dir/Users/jordan.sammut/pico-sdk/src/rp2_common/pico_float/float_init_rom_rp2040.c.o
 .text.__aeabi_float_init
                0x10002e5c       0x60 CMakeFiles/shinybot_pico_fw.dir/Users/jordan.sammut/pico-sdk/src/rp2_common/pico_float/float_init_rom_rp2040.c.o
                0x10002e5c                __aeabi_float_init
 .text.__wrap_calloc
                0x10002ebc       0x28 CMakeFiles/shinybot_pico_fw.dir/Users/jordan.sammut/pico-sdk/src/rp2_common/pico_malloc/malloc.c.o
                0x10002ebc                __wrap_calloc
 .text.__wrap_free
                0x10002ee4        0x8 CMakeFiles/shinybot_pico_fw.dir/Users/jordan.sammut/pico-sdk/src/rp2_common/pico_malloc/malloc.c.o
                0x10002ee4                __wrap_free
 .text          0x10002eec       0x10 CMakeFiles/shinybot_pico_fw.dir/Users/jordan.sammut/pico-sdk/src/rp2_common/pico_mem_ops/mem_ops_aeabi.S.o
                0x10002eec                __aeabi_mem_init
 .text.memset   0x10002efc        0xc CMakeFiles/shinybot_pico_fw.dir/Users/jordan.sammut/pico-sdk/src/rp2_common/pico_mem_ops/mem_ops_aeabi.S.o
                0x10002efc                __wrap_memset
 .text.memcpy   0x10002f08        0xc CMakeFiles/shinybot_pico_fw.dir/Users/jordan.sammut/pico-sdk/src/rp2_common/pico_mem_ops/mem_ops_aeabi.S.o
                0x10002f08                __wrap___aeabi_memcpy
                0x10002f08                __wrap_memcpy
 .text._out_buffer
                0x10002f14        0x8 CMakeFiles/shinybot_pico_fw.dir/Users/jordan.sammut/pico-sdk/src/rp2_common/pico_printf/printf.c.o
 .text._out_null
                0x10002f1c        0x4 CMakeFiles/shinybot_pico_fw.dir/Users/jordan.sammut/pico-sdk/src/rp2_common/pico_printf/printf.c.o
 .text._out_rev
                0x10002f20       0xa8 CMakeFiles/shinybot_pico_fw.dir/Users/jordan.sammut/pico-sdk/src/rp2_common/pico_printf/printf.c.o
 .text._ntoa_format
                0x10002fc8      0x1d8 CMakeFiles/shinybot_pico_fw.dir/Users/jordan.sammut/pico-sdk/src/rp2_common/pico_printf/printf.c.o
 .text._out_char
                0x100031a0       0x10 CMakeFiles/shinybot_pico_fw.dir/Users/jordan.sammut/pico-sdk/src/rp2_common/pico_printf/printf.c.o
 .text._out_fct
                0x100031b0       0x10 CMakeFiles/shinybot_pico_fw.dir/Users/jordan.sammut/pico-sdk/src/rp2_common/pico_printf/printf.c.o
 .text._ftoa    0x100031c0      0x474 CMakeFiles/shinybot_pico_fw.dir/Users/jordan.sammut/pico-sdk/src/rp2_common/pico_printf/printf.c.o
 .text._etoa    0x10003634      0x560 CMakeFiles/shinybot_pico_fw.dir/Users/jordan.sammut/pico-sdk/src/rp2_common/pico_printf/printf.c.o
 .text._vsnprintf
                0x10003b94      0xab8 CMakeFiles/shinybot_pico_fw.dir/Users/jordan.sammut/pico-sdk/src/rp2_common/pico_printf/printf.c.o
 .text.__wrap_snprintf
                0x1000464c       0x28 CMakeFiles/shinybot_pico_fw.dir/Users/jordan.sammut/pico-sdk/src/rp2_common/pico_printf/printf.c.o
                0x1000464c                __wrap_snprintf
 .text.vfctprintf
                0x10004674       0x20 CMakeFiles/shinybot_pico_fw.dir/Users/jordan.sammut/pico-sdk/src/rp2_common/pico_printf/printf.c.o
                0x10004674                vfctprintf
 .text.weak_raw_vprintf
                0x10004694       0x30 CMakeFiles/shinybot_pico_fw.dir/Users/jordan.sammut/pico-sdk/src/rp2_common/pico_printf/printf.c.o
                0x10004694                weak_raw_vprintf
 .text._exit    0x100046c4        0x4 CMakeFiles/shinybot_pico_fw.dir/Users/jordan.sammut/pico-sdk/src/rp2_common/pico_clib_interface/newlib_interface.c.o
                0x100046c4                _exit
 .text._sbrk    0x100046c8       0x34 CMakeFiles/shinybot_pico_fw.dir/Users/jordan.sammut/pico-sdk/src/rp2_common/pico_clib_interface/newlib_interface.c.o
                0x100046c8                _sbrk
 .text.exit     0x100046fc        0x8 CMakeFiles/shinybot_pico_fw.dir/Users/jordan.sammut/pico-sdk/src/rp2_common/pico_clib_interface/newlib_interface.c.o
                0x100046fc                exit
 .text.runtime_init
                0x10004704       0x2c CMakeFiles/shinybot_pico_fw.dir/Users/jordan.sammut/pico-sdk/src/rp2_common/pico_clib_interface/newlib_interface.c.o
                0x10004704                runtime_init
 .text.stdio_out_chars_no_crlf
                0x10004730       0x10 CMakeFiles/shinybot_pico_fw.dir/Users/jordan.sammut/pico-sdk/src/rp2_common/pico_stdio/stdio.c.o
 .text.stdio_out_chars_crlf
                0x10004740       0x90 CMakeFiles/shinybot_pico_fw.dir/Users/jordan.sammut/pico-sdk/src/rp2_common/pico_stdio/stdio.c.o
 .text.stdio_buffered_printer
                0x100047d0       0x64 CMakeFiles/shinybot_pico_fw.dir/Users/jordan.sammut/pico-sdk/src/rp2_common/pico_stdio/stdio.c.o
 .text.stdio_put_string
                0x10004834       0xf4 CMakeFiles/shinybot_pico_fw.dir/Users/jordan.sammut/pico-sdk/src/rp2_common/pico_stdio/stdio.c.o
                0x10004834                stdio_put_string
 .text.stdio_init_all
                0x10004928        0x4 CMakeFiles/shinybot_pico_fw.dir/Users/jordan.sammut/pico-sdk/src/rp2_common/pico_stdio/stdio.c.o
                0x10004928                stdio_init_all
 .text.__wrap_putchar
                0x1000492c       0x94 CMakeFiles/shinybot_pico_fw.dir/Users/jordan.sammut/pico-sdk/src/rp2_common/pico_stdio/stdio.c.o
                0x1000492c                stdio_putchar
                0x1000492c                __wrap_putchar
 .text.__wrap_puts
                0x100049c0       0x3c CMakeFiles/shinybot_pico_fw.dir/Users/jordan.sammut/pico-sdk/src/rp2_common/pico_stdio/stdio.c.o
                0x100049c0                __wrap_puts
                0x100049c0                stdio_puts
 .text.__wrap_vprintf
                0x100049fc       0xc8 CMakeFiles/shinybot_pico_fw.dir/Users/jordan.sammut/pico-sdk/src/rp2_common/pico_stdio/stdio.c.o
                0x100049fc                __wrap_vprintf
                0x100049fc                stdio_vprintf
 .text.__wrap_printf
                0x10004ac4       0x18 CMakeFiles/shinybot_pico_fw.dir/Users/jordan.sammut/pico-sdk/src/rp2_common/pico_stdio/stdio.c.o
                0x10004ac4                stdio_printf
                0x10004ac4                __wrap_printf
 .text.lwip_timeout_reached
                0x10004adc        0x8 CMakeFiles/shinybot_pico_fw.dir/Users/jordan.sammut/pico-sdk/src/rp2_common/pico_lwip/lwip_nosys.c.o
 .text.update_next_timeout
                0x10004ae4       0x5c CMakeFiles/shinybot_pico_fw.dir/Users/jordan.sammut/pico-sdk/src/rp2_common/pico_lwip/lwip_nosys.c.o
 .text.lwip_nosys_init
                0x10004b40       0x30 CMakeFiles/shinybot_pico_fw.dir/Users/jordan.sammut/pico-sdk/src/rp2_common/pico_lwip/lwip_nosys.c.o
                0x10004b40                lwip_nosys_init
 .text.lwip_nosys_deinit
                0x10004b70       0x20 CMakeFiles/shinybot_pico_fw.dir/Users/jordan.sammut/pico-sdk/src/rp2_common/pico_lwip/lwip_nosys.c.o
                0x10004b70                lwip_nosys_deinit
 .text.sys_arch_protect
                0x10004b90        0x4 CMakeFiles/shinybot_pico_fw.dir/Users/jordan.sammut/pico-sdk/src/rp2_common/pico_lwip/lwip_nosys.c.o
                0x10004b90                sys_arch_protect
 .text.sys_arch_unprotect
                0x10004b94        0x4 CMakeFiles/shinybot_pico_fw.dir/Users/jordan.sammut/pico-sdk/src/rp2_common/pico_lwip/lwip_nosys.c.o
                0x10004b94                sys_arch_unprotect
 .text.sys_now  0x10004b98       0x20 CMakeFiles/shinybot_pico_fw.dir/Users/jordan.sammut/pico-sdk/src/rp2_common/pico_lwip/lwip_nosys.c.o
                0x10004b98                sys_now
 .text.async_context_base_add_at_time_worker
                0x10004bb8       0x28 CMakeFiles/shinybot_pico_fw.dir/Users/jordan.sammut/pico-sdk/src/rp2_common/pico_async_context/async_context_base.c.o
                0x10004bb8                async_context_base_add_at_time_worker
 .text.async_context_base_remove_at_time_worker
                0x10004be0       0x24 CMakeFiles/shinybot_pico_fw.dir/Users/jordan.sammut/pico-sdk/src/rp2_common/pico_async_context/async_context_base.c.o
                0x10004be0                async_context_base_remove_at_time_worker
 .text.async_context_base_add_when_pending_worker
                0x10004c04       0x24 CMakeFiles/shinybot_pico_fw.dir/Users/jordan.sammut/pico-sdk/src/rp2_common/pico_async_context/async_context_base.c.o
                0x10004c04                async_context_base_add_when_pending_worker
 .text.async_context_base_remove_when_pending_worker
                0x10004c28       0x24 CMakeFiles/shinybot_pico_fw.dir/Users/jordan.sammut/pico-sdk/src/rp2_common/pico_async_context/async_context_base.c.o
                0x10004c28                async_context_base_remove_when_pending_worker
 .text.async_context_base_execute_once
                0x10004c4c      0x10c CMakeFiles/shinybot_pico_fw.dir/Users/jordan.sammut/pico-sdk/src/rp2_common/pico_async_context/async_context_base.c.o
                0x10004c4c                async_context_base_execute_once
 .text.splitmix64
                0x10004d58       0x58 CMakeFiles/shinybot_pico_fw.dir/Users/jordan.sammut/pico-sdk/src/rp2_common/pico_rand/rand.c.o
 .text.xoroshiro128ss
                0x10004db0       0x8c CMakeFiles/shinybot_pico_fw.dir/Users/jordan.sammut/pico-sdk/src/rp2_common/pico_rand/rand.c.o
 .text.get_rand_64
                0x10004e3c      0x490 CMakeFiles/shinybot_pico_fw.dir/Users/jordan.sammut/pico-sdk/src/rp2_common/pico_rand/rand.c.o
                0x10004e3c                get_rand_64
 .text.get_rand_32
                0x100052cc        0x8 CMakeFiles/shinybot_pico_fw.dir/Users/jordan.sammut/pico-sdk/src/rp2_common/pico_rand/rand.c.o
                0x100052cc                get_rand_32
 .text.startup._retrieve_unique_id_on_boot
                0x100052d4       0x10 CMakeFiles/shinybot_pico_fw.dir/Users/jordan.sammut/pico-sdk/src/rp2_common/pico_unique_id/unique_id.c.o
 .text.pico_get_unique_board_id
                0x100052e4       0x10 CMakeFiles/shinybot_pico_fw.dir/Users/jordan.sammut/pico-sdk/src/rp2_common/pico_unique_id/unique_id.c.o
                0x100052e4                pico_get_unique_board_id
 .text.flash_get_unique_id
                0x100052f4       0x3c CMakeFiles/shinybot_pico_fw.dir/Users/jordan.sammut/pico-sdk/src/rp2_common/hardware_flash/flash.c.o
                0x100052f4                flash_get_unique_id
 .text.lwip_init
                0x10005330       0x24 CMakeFiles/shinybot_pico_fw.dir/Users/jordan.sammut/pico-sdk/lib/lwip/src/core/init.c.o
                0x10005330                lwip_init
 .text.lwip_htons
                0x10005354        0x8 CMakeFiles/shinybot_pico_fw.dir/Users/jordan.sammut/pico-sdk/lib/lwip/src/core/def.c.o
                0x10005354                lwip_htons
 .text.lwip_htonl
                0x1000535c        0x4 CMakeFiles/shinybot_pico_fw.dir/Users/jordan.sammut/pico-sdk/lib/lwip/src/core/def.c.o
                0x1000535c                lwip_htonl
 .text.dns_call_found
                0x10005360      0x1bc CMakeFiles/shinybot_pico_fw.dir/Users/jordan.sammut/pico-sdk/lib/lwip/src/core/dns.c.o
 .text.dns_send.isra.0
                0x1000551c      0x164 CMakeFiles/shinybot_pico_fw.dir/Users/jordan.sammut/pico-sdk/lib/lwip/src/core/dns.c.o
 .text.dns_init
                0x10005680        0x4 CMakeFiles/shinybot_pico_fw.dir/Users/jordan.sammut/pico-sdk/lib/lwip/src/core/dns.c.o
                0x10005680                dns_init
 .text.dns_setserver
                0x10005684       0x24 CMakeFiles/shinybot_pico_fw.dir/Users/jordan.sammut/pico-sdk/lib/lwip/src/core/dns.c.o
                0x10005684                dns_setserver
 .text.dns_tmr  0x100056a8      0x118 CMakeFiles/shinybot_pico_fw.dir/Users/jordan.sammut/pico-sdk/lib/lwip/src/core/dns.c.o
                0x100056a8                dns_tmr
 .text.lwip_standard_chksum
                0x100057c0       0x80 CMakeFiles/shinybot_pico_fw.dir/Users/jordan.sammut/pico-sdk/lib/lwip/src/core/inet_chksum.c.o
                0x100057c0                lwip_standard_chksum
 .text.inet_chksum_pseudo
                0x10005840       0xb4 CMakeFiles/shinybot_pico_fw.dir/Users/jordan.sammut/pico-sdk/lib/lwip/src/core/inet_chksum.c.o
                0x10005840                inet_chksum_pseudo
 .text.ip_chksum_pseudo
                0x100058f4       0x10 CMakeFiles/shinybot_pico_fw.dir/Users/jordan.sammut/pico-sdk/lib/lwip/src/core/inet_chksum.c.o
                0x100058f4                ip_chksum_pseudo
 .text.inet_chksum
                0x10005904       0x84 CMakeFiles/shinybot_pico_fw.dir/Users/jordan.sammut/pico-sdk/lib/lwip/src/core/inet_chksum.c.o
                0x10005904                inet_chksum
 .text.inet_chksum_pbuf
                0x10005988       0x70 CMakeFiles/shinybot_pico_fw.dir/Users/jordan.sammut/pico-sdk/lib/lwip/src/core/inet_chksum.c.o
                0x10005988                inet_chksum_pbuf
 .text.mem_init
                0x100059f8       0x48 CMakeFiles/shinybot_pico_fw.dir/Users/jordan.sammut/pico-sdk/lib/lwip/src/core/mem.c.o
                0x100059f8                mem_init
 .text.mem_free
                0x10005a40      0x148 CMakeFiles/shinybot_pico_fw.dir/Users/jordan.sammut/pico-sdk/lib/lwip/src/core/mem.c.o
                0x10005a40                mem_free
 .text.mem_trim
                0x10005b88      0x158 CMakeFiles/shinybot_pico_fw.dir/Users/jordan.sammut/pico-sdk/lib/lwip/src/core/mem.c.o
                0x10005b88                mem_trim
 .text.mem_malloc
                0x10005ce0      0x164 CMakeFiles/shinybot_pico_fw.dir/Users/jordan.sammut/pico-sdk/lib/lwip/src/core/mem.c.o
                0x10005ce0                mem_malloc
 .text.memp_init
                0x10005e44       0x90 CMakeFiles/shinybot_pico_fw.dir/Users/jordan.sammut/pico-sdk/lib/lwip/src/core/memp.c.o
                0x10005e44                memp_init
 .text.memp_malloc
                0x10005ed4       0x68 CMakeFiles/shinybot_pico_fw.dir/Users/jordan.sammut/pico-sdk/lib/lwip/src/core/memp.c.o
                0x10005ed4                memp_malloc
 .text.memp_free
                0x10005f3c       0x4c CMakeFiles/shinybot_pico_fw.dir/Users/jordan.sammut/pico-sdk/lib/lwip/src/core/memp.c.o
                0x10005f3c                memp_free
 .text.netif_null_output_ip4
                0x10005f88        0x8 CMakeFiles/shinybot_pico_fw.dir/Users/jordan.sammut/pico-sdk/lib/lwip/src/core/netif.c.o
 .text.netif_init
                0x10005f90        0x4 CMakeFiles/shinybot_pico_fw.dir/Users/jordan.sammut/pico-sdk/lib/lwip/src/core/netif.c.o
                0x10005f90                netif_init
 .text.netif_set_addr
                0x10005f94       0xac CMakeFiles/shinybot_pico_fw.dir/Users/jordan.sammut/pico-sdk/lib/lwip/src/core/netif.c.o
                0x10005f94                netif_set_addr
 .text.netif_add
                0x10006040      0x130 CMakeFiles/shinybot_pico_fw.dir/Users/jordan.sammut/pico-sdk/lib/lwip/src/core/netif.c.o
                0x10006040                netif_add
 .text.netif_remove
                0x10006170       0x7c CMakeFiles/shinybot_pico_fw.dir/Users/jordan.sammut/pico-sdk/lib/lwip/src/core/netif.c.o
                0x10006170                netif_remove
 .text.netif_set_default
                0x100061ec        0xc CMakeFiles/shinybot_pico_fw.dir/Users/jordan.sammut/pico-sdk/lib/lwip/src/core/netif.c.o
                0x100061ec                netif_set_default
 .text.netif_set_up
                0x100061f8       0x24 CMakeFiles/shinybot_pico_fw.dir/Users/jordan.sammut/pico-sdk/lib/lwip/src/core/netif.c.o
                0x100061f8                netif_set_up
 .text.netif_set_link_up
                0x1000621c       0x28 CMakeFiles/shinybot_pico_fw.dir/Users/jordan.sammut/pico-sdk/lib/lwip/src/core/netif.c.o
                0x1000621c                netif_set_link_up
 .text.netif_set_link_down
                0x10006244       0x28 CMakeFiles/shinybot_pico_fw.dir/Users/jordan.sammut/pico-sdk/lib/lwip/src/core/netif.c.o
                0x10006244                netif_set_link_down
 .text.netif_get_by_index
                0x1000626c       0x2c CMakeFiles/shinybot_pico_fw.dir/Users/jordan.sammut/pico-sdk/lib/lwip/src/core/netif.c.o
                0x1000626c                netif_get_by_index
 .text.pbuf_free.part.0
                0x10006298       0xa4 CMakeFiles/shinybot_pico_fw.dir/Users/jordan.sammut/pico-sdk/lib/lwip/src/core/pbuf.c.o
 .text.pbuf_free_ooseq
                0x1000633c       0x34 CMakeFiles/shinybot_pico_fw.dir/Users/jordan.sammut/pico-sdk/lib/lwip/src/core/pbuf.c.o
                0x1000633c                pbuf_free_ooseq
 .text.pbuf_alloc
                0x10006370      0x120 CMakeFiles/shinybot_pico_fw.dir/Users/jordan.sammut/pico-sdk/lib/lwip/src/core/pbuf.c.o
                0x10006370                pbuf_alloc
 .text.pbuf_alloced_custom
                0x10006490       0x3c CMakeFiles/shinybot_pico_fw.dir/Users/jordan.sammut/pico-sdk/lib/lwip/src/core/pbuf.c.o
                0x10006490                pbuf_alloced_custom
 .text.pbuf_realloc
                0x100064cc       0x8c CMakeFiles/shinybot_pico_fw.dir/Users/jordan.sammut/pico-sdk/lib/lwip/src/core/pbuf.c.o
                0x100064cc                pbuf_realloc
 .text.pbuf_add_header
                0x10006558       0x60 CMakeFiles/shinybot_pico_fw.dir/Users/jordan.sammut/pico-sdk/lib/lwip/src/core/pbuf.c.o
                0x10006558                pbuf_add_header
 .text.pbuf_remove_header
                0x100065b8       0x48 CMakeFiles/shinybot_pico_fw.dir/Users/jordan.sammut/pico-sdk/lib/lwip/src/core/pbuf.c.o
                0x100065b8                pbuf_remove_header
 .text.pbuf_header_force
                0x10006600       0x78 CMakeFiles/shinybot_pico_fw.dir/Users/jordan.sammut/pico-sdk/lib/lwip/src/core/pbuf.c.o
                0x10006600                pbuf_header_force
 .text.pbuf_free
                0x10006678       0x18 CMakeFiles/shinybot_pico_fw.dir/Users/jordan.sammut/pico-sdk/lib/lwip/src/core/pbuf.c.o
                0x10006678                pbuf_free
 .text.pbuf_clen
                0x10006690       0x14 CMakeFiles/shinybot_pico_fw.dir/Users/jordan.sammut/pico-sdk/lib/lwip/src/core/pbuf.c.o
                0x10006690                pbuf_clen
 .text.pbuf_ref
                0x100066a4       0x28 CMakeFiles/shinybot_pico_fw.dir/Users/jordan.sammut/pico-sdk/lib/lwip/src/core/pbuf.c.o
                0x100066a4                pbuf_ref
 .text.pbuf_cat
                0x100066cc       0x60 CMakeFiles/shinybot_pico_fw.dir/Users/jordan.sammut/pico-sdk/lib/lwip/src/core/pbuf.c.o
                0x100066cc                pbuf_cat
 .text.pbuf_chain
                0x1000672c       0x84 CMakeFiles/shinybot_pico_fw.dir/Users/jordan.sammut/pico-sdk/lib/lwip/src/core/pbuf.c.o
                0x1000672c                pbuf_chain
 .text.pbuf_copy_partial_pbuf
                0x100067b0      0x18c CMakeFiles/shinybot_pico_fw.dir/Users/jordan.sammut/pico-sdk/lib/lwip/src/core/pbuf.c.o
                0x100067b0                pbuf_copy_partial_pbuf
 .text.pbuf_copy
                0x1000693c       0x20 CMakeFiles/shinybot_pico_fw.dir/Users/jordan.sammut/pico-sdk/lib/lwip/src/core/pbuf.c.o
                0x1000693c                pbuf_copy
 .text.pbuf_copy_partial
                0x1000695c       0x8c CMakeFiles/shinybot_pico_fw.dir/Users/jordan.sammut/pico-sdk/lib/lwip/src/core/pbuf.c.o
                0x1000695c                pbuf_copy_partial
 .text.pbuf_take
                0x100069e8       0x98 CMakeFiles/shinybot_pico_fw.dir/Users/jordan.sammut/pico-sdk/lib/lwip/src/core/pbuf.c.o
                0x100069e8                pbuf_take
 .text.pbuf_take_at
                0x10006a80       0xd4 CMakeFiles/shinybot_pico_fw.dir/Users/jordan.sammut/pico-sdk/lib/lwip/src/core/pbuf.c.o
                0x10006a80                pbuf_take_at
 .text.pbuf_clone
                0x10006b54       0x30 CMakeFiles/shinybot_pico_fw.dir/Users/jordan.sammut/pico-sdk/lib/lwip/src/core/pbuf.c.o
                0x10006b54                pbuf_clone
 .text.pbuf_put_at
                0x10006b84       0x1c CMakeFiles/shinybot_pico_fw.dir/Users/jordan.sammut/pico-sdk/lib/lwip/src/core/pbuf.c.o
                0x10006b84                pbuf_put_at
 .text.stats_init
                0x10006ba0       0x14 CMakeFiles/shinybot_pico_fw.dir/Users/jordan.sammut/pico-sdk/lib/lwip/src/core/stats.c.o
                0x10006ba0                stats_init
 .text.tcp_close_shutdown_fin
                0x10006bb4       0x54 CMakeFiles/shinybot_pico_fw.dir/Users/jordan.sammut/pico-sdk/lib/lwip/src/core/tcp.c.o
 .text.tcp_pcb_purge.part.0
                0x10006c08       0xc4 CMakeFiles/shinybot_pico_fw.dir/Users/jordan.sammut/pico-sdk/lib/lwip/src/core/tcp.c.o
 .text.tcp_init
                0x10006ccc       0x1c CMakeFiles/shinybot_pico_fw.dir/Users/jordan.sammut/pico-sdk/lib/lwip/src/core/tcp.c.o
                0x10006ccc                tcp_init
 .text.tcp_free
                0x10006ce8       0x1c CMakeFiles/shinybot_pico_fw.dir/Users/jordan.sammut/pico-sdk/lib/lwip/src/core/tcp.c.o
                0x10006ce8                tcp_free
 .text.tcp_bind
                0x10006d04      0x10c CMakeFiles/shinybot_pico_fw.dir/Users/jordan.sammut/pico-sdk/lib/lwip/src/core/tcp.c.o
                0x10006d04                tcp_bind
 .text.tcp_listen_with_backlog
                0x10006e10       0xb4 CMakeFiles/shinybot_pico_fw.dir/Users/jordan.sammut/pico-sdk/lib/lwip/src/core/tcp.c.o
                0x10006e10                tcp_listen_with_backlog
 .text.tcp_update_rcv_ann_wnd
                0x10006ec4       0x60 CMakeFiles/shinybot_pico_fw.dir/Users/jordan.sammut/pico-sdk/lib/lwip/src/core/tcp.c.o
                0x10006ec4                tcp_update_rcv_ann_wnd
 .text.tcp_recved
                0x10006f24       0xa8 CMakeFiles/shinybot_pico_fw.dir/Users/jordan.sammut/pico-sdk/lib/lwip/src/core/tcp.c.o
                0x10006f24                tcp_recved
 .text.tcp_slowtmr
                0x10006fcc      0x508 CMakeFiles/shinybot_pico_fw.dir/Users/jordan.sammut/pico-sdk/lib/lwip/src/core/tcp.c.o
                0x10006fcc                tcp_slowtmr
 .text.tcp_segs_free
                0x100074d4       0x38 CMakeFiles/shinybot_pico_fw.dir/Users/jordan.sammut/pico-sdk/lib/lwip/src/core/tcp.c.o
                0x100074d4                tcp_segs_free
 .text.tcp_seg_free
                0x1000750c       0x1c CMakeFiles/shinybot_pico_fw.dir/Users/jordan.sammut/pico-sdk/lib/lwip/src/core/tcp.c.o
                0x1000750c                tcp_seg_free
 .text.tcp_seg_copy
                0x10007528       0x2c CMakeFiles/shinybot_pico_fw.dir/Users/jordan.sammut/pico-sdk/lib/lwip/src/core/tcp.c.o
                0x10007528                tcp_seg_copy
 .text.tcp_arg  0x10007554        0x8 CMakeFiles/shinybot_pico_fw.dir/Users/jordan.sammut/pico-sdk/lib/lwip/src/core/tcp.c.o
                0x10007554                tcp_arg
 .text.tcp_recv
                0x1000755c       0x1c CMakeFiles/shinybot_pico_fw.dir/Users/jordan.sammut/pico-sdk/lib/lwip/src/core/tcp.c.o
                0x1000755c                tcp_recv
 .text.tcp_sent
                0x10007578       0x1c CMakeFiles/shinybot_pico_fw.dir/Users/jordan.sammut/pico-sdk/lib/lwip/src/core/tcp.c.o
                0x10007578                tcp_sent
 .text.tcp_accept
                0x10007594       0x10 CMakeFiles/shinybot_pico_fw.dir/Users/jordan.sammut/pico-sdk/lib/lwip/src/core/tcp.c.o
                0x10007594                tcp_accept
 .text.tcp_pcb_purge
                0x100075a4       0x24 CMakeFiles/shinybot_pico_fw.dir/Users/jordan.sammut/pico-sdk/lib/lwip/src/core/tcp.c.o
                0x100075a4                tcp_pcb_purge
 .text.tcp_pcb_remove
                0x100075c8       0xc8 CMakeFiles/shinybot_pico_fw.dir/Users/jordan.sammut/pico-sdk/lib/lwip/src/core/tcp.c.o
                0x100075c8                tcp_pcb_remove
 .text.tcp_abandon
                0x10007690      0x1ac CMakeFiles/shinybot_pico_fw.dir/Users/jordan.sammut/pico-sdk/lib/lwip/src/core/tcp.c.o
                0x10007690                tcp_abandon
 .text.tcp_abort
                0x1000783c        0xc CMakeFiles/shinybot_pico_fw.dir/Users/jordan.sammut/pico-sdk/lib/lwip/src/core/tcp.c.o
                0x1000783c                tcp_abort
 .text.tcp_accept_null
                0x10007848       0x20 CMakeFiles/shinybot_pico_fw.dir/Users/jordan.sammut/pico-sdk/lib/lwip/src/core/tcp.c.o
 .text.tcp_alloc
                0x10007868      0x1f0 CMakeFiles/shinybot_pico_fw.dir/Users/jordan.sammut/pico-sdk/lib/lwip/src/core/tcp.c.o
                0x10007868                tcp_alloc
 .text.tcp_new_ip_type
                0x10007a58        0xc CMakeFiles/shinybot_pico_fw.dir/Users/jordan.sammut/pico-sdk/lib/lwip/src/core/tcp.c.o
                0x10007a58                tcp_new_ip_type
 .text.tcp_close_shutdown
                0x10007a64      0x188 CMakeFiles/shinybot_pico_fw.dir/Users/jordan.sammut/pico-sdk/lib/lwip/src/core/tcp.c.o
 .text.tcp_recv_null
                0x10007bec       0xd8 CMakeFiles/shinybot_pico_fw.dir/Users/jordan.sammut/pico-sdk/lib/lwip/src/core/tcp.c.o
                0x10007bec                tcp_recv_null
 .text.tcp_process_refused_data
                0x10007cc4       0x84 CMakeFiles/shinybot_pico_fw.dir/Users/jordan.sammut/pico-sdk/lib/lwip/src/core/tcp.c.o
                0x10007cc4                tcp_process_refused_data
 .text.tcp_fasttmr
                0x10007d48       0x98 CMakeFiles/shinybot_pico_fw.dir/Users/jordan.sammut/pico-sdk/lib/lwip/src/core/tcp.c.o
                0x10007d48                tcp_fasttmr
 .text.tcp_tmr  0x10007de0       0x20 CMakeFiles/shinybot_pico_fw.dir/Users/jordan.sammut/pico-sdk/lib/lwip/src/core/tcp.c.o
                0x10007de0                tcp_tmr
 .text.tcp_close
                0x10007e00      0x17c CMakeFiles/shinybot_pico_fw.dir/Users/jordan.sammut/pico-sdk/lib/lwip/src/core/tcp.c.o
                0x10007e00                tcp_close
 .text.tcp_next_iss
                0x10007f7c       0x28 CMakeFiles/shinybot_pico_fw.dir/Users/jordan.sammut/pico-sdk/lib/lwip/src/core/tcp.c.o
                0x10007f7c                tcp_next_iss
 .text.tcp_eff_send_mss_netif
                0x10007fa4       0x34 CMakeFiles/shinybot_pico_fw.dir/Users/jordan.sammut/pico-sdk/lib/lwip/src/core/tcp.c.o
                0x10007fa4                tcp_eff_send_mss_netif
 .text.tcp_netif_ip_addr_changed
                0x10007fd8       0x94 CMakeFiles/shinybot_pico_fw.dir/Users/jordan.sammut/pico-sdk/lib/lwip/src/core/tcp.c.o
                0x10007fd8                tcp_netif_ip_addr_changed
 .text.tcp_free_ooseq
                0x1000806c       0x40 CMakeFiles/shinybot_pico_fw.dir/Users/jordan.sammut/pico-sdk/lib/lwip/src/core/tcp.c.o
                0x1000806c                tcp_free_ooseq
 .text.tcp_parseopt
                0x100080ac      0x1c0 CMakeFiles/shinybot_pico_fw.dir/Users/jordan.sammut/pico-sdk/lib/lwip/src/core/tcp_in.c.o
 .text.tcp_oos_insert_segment
                0x1000826c       0xb8 CMakeFiles/shinybot_pico_fw.dir/Users/jordan.sammut/pico-sdk/lib/lwip/src/core/tcp_in.c.o
 .text.tcp_free_acked_segments.isra.0
                0x10008324       0xd8 CMakeFiles/shinybot_pico_fw.dir/Users/jordan.sammut/pico-sdk/lib/lwip/src/core/tcp_in.c.o
 .text.tcp_receive
                0x100083fc      0x9b4 CMakeFiles/shinybot_pico_fw.dir/Users/jordan.sammut/pico-sdk/lib/lwip/src/core/tcp_in.c.o
 .text.tcp_input
                0x10008db0      0xdf8 CMakeFiles/shinybot_pico_fw.dir/Users/jordan.sammut/pico-sdk/lib/lwip/src/core/tcp_in.c.o
                0x10008db0                tcp_input
 .text.tcp_trigger_input_pcb_close
                0x10009ba8       0x10 CMakeFiles/shinybot_pico_fw.dir/Users/jordan.sammut/pico-sdk/lib/lwip/src/core/tcp_in.c.o
                0x10009ba8                tcp_trigger_input_pcb_close
 .text.tcp_create_segment
                0x10009bb8       0xec CMakeFiles/shinybot_pico_fw.dir/Users/jordan.sammut/pico-sdk/lib/lwip/src/core/tcp_out.c.o
 .text.tcp_output_control_segment
                0x10009ca4       0xb0 CMakeFiles/shinybot_pico_fw.dir/Users/jordan.sammut/pico-sdk/lib/lwip/src/core/tcp_out.c.o
 .text.tcp_write
                0x10009d54      0x90c CMakeFiles/shinybot_pico_fw.dir/Users/jordan.sammut/pico-sdk/lib/lwip/src/core/tcp_out.c.o
                0x10009d54                tcp_write
 .text.tcp_split_unsent_seg
                0x1000a660      0x1b0 CMakeFiles/shinybot_pico_fw.dir/Users/jordan.sammut/pico-sdk/lib/lwip/src/core/tcp_out.c.o
                0x1000a660                tcp_split_unsent_seg
 .text.tcp_send_fin
                0x1000a810      0x118 CMakeFiles/shinybot_pico_fw.dir/Users/jordan.sammut/pico-sdk/lib/lwip/src/core/tcp_out.c.o
                0x1000a810                tcp_send_fin
 .text.tcp_enqueue_flags
                0x1000a928      0x120 CMakeFiles/shinybot_pico_fw.dir/Users/jordan.sammut/pico-sdk/lib/lwip/src/core/tcp_out.c.o
                0x1000a928                tcp_enqueue_flags
 .text.tcp_rexmit_rto_prepare
                0x1000aa48       0xa8 CMakeFiles/shinybot_pico_fw.dir/Users/jordan.sammut/pico-sdk/lib/lwip/src/core/tcp_out.c.o
                0x1000aa48                tcp_rexmit_rto_prepare
 .text.tcp_rexmit
                0x1000aaf0       0x9c CMakeFiles/shinybot_pico_fw.dir/Users/jordan.sammut/pico-sdk/lib/lwip/src/core/tcp_out.c.o
                0x1000aaf0                tcp_rexmit
 .text.tcp_rexmit_fast
                0x1000ab8c       0x60 CMakeFiles/shinybot_pico_fw.dir/Users/jordan.sammut/pico-sdk/lib/lwip/src/core/tcp_out.c.o
                0x1000ab8c                tcp_rexmit_fast
 .text.tcp_rst  0x1000abec       0xe8 CMakeFiles/shinybot_pico_fw.dir/Users/jordan.sammut/pico-sdk/lib/lwip/src/core/tcp_out.c.o
                0x1000abec                tcp_rst
 .text.tcp_rst_netif
                0x1000acd4      0x128 CMakeFiles/shinybot_pico_fw.dir/Users/jordan.sammut/pico-sdk/lib/lwip/src/core/tcp_out.c.o
                0x1000acd4                tcp_rst_netif
 .text.tcp_send_empty_ack
                0x1000adfc       0xf4 CMakeFiles/shinybot_pico_fw.dir/Users/jordan.sammut/pico-sdk/lib/lwip/src/core/tcp_out.c.o
                0x1000adfc                tcp_send_empty_ack
 .text.tcp_output
                0x1000aef0      0x440 CMakeFiles/shinybot_pico_fw.dir/Users/jordan.sammut/pico-sdk/lib/lwip/src/core/tcp_out.c.o
                0x1000aef0                tcp_output
 .text.tcp_rexmit_rto_commit
                0x1000b330       0x24 CMakeFiles/shinybot_pico_fw.dir/Users/jordan.sammut/pico-sdk/lib/lwip/src/core/tcp_out.c.o
                0x1000b330                tcp_rexmit_rto_commit
 .text.tcp_rexmit_rto
                0x1000b354       0xb4 CMakeFiles/shinybot_pico_fw.dir/Users/jordan.sammut/pico-sdk/lib/lwip/src/core/tcp_out.c.o
                0x1000b354                tcp_rexmit_rto
 .text.tcp_keepalive
                0x1000b408       0xdc CMakeFiles/shinybot_pico_fw.dir/Users/jordan.sammut/pico-sdk/lib/lwip/src/core/tcp_out.c.o
                0x1000b408                tcp_keepalive
 .text.tcp_zero_window_probe
                0x1000b4e4      0x198 CMakeFiles/shinybot_pico_fw.dir/Users/jordan.sammut/pico-sdk/lib/lwip/src/core/tcp_out.c.o
                0x1000b4e4                tcp_zero_window_probe
 .text.tcpip_tcp_timer
                0x1000b67c       0x7c CMakeFiles/shinybot_pico_fw.dir/Users/jordan.sammut/pico-sdk/lib/lwip/src/core/timeouts.c.o
 .text.lwip_cyclic_timer
                0x1000b6f8       0xa8 CMakeFiles/shinybot_pico_fw.dir/Users/jordan.sammut/pico-sdk/lib/lwip/src/core/timeouts.c.o
 .text.tcp_timer_needed
                0x1000b7a0       0x80 CMakeFiles/shinybot_pico_fw.dir/Users/jordan.sammut/pico-sdk/lib/lwip/src/core/timeouts.c.o
                0x1000b7a0                tcp_timer_needed
 .text.sys_timeouts_init
                0x1000b820       0x94 CMakeFiles/shinybot_pico_fw.dir/Users/jordan.sammut/pico-sdk/lib/lwip/src/core/timeouts.c.o
                0x1000b820                sys_timeouts_init
 .text.sys_check_timeouts
                0x1000b8b4       0x68 CMakeFiles/shinybot_pico_fw.dir/Users/jordan.sammut/pico-sdk/lib/lwip/src/core/timeouts.c.o
                0x1000b8b4                sys_check_timeouts
 .text.sys_timeouts_sleeptime
                0x1000b91c       0x28 CMakeFiles/shinybot_pico_fw.dir/Users/jordan.sammut/pico-sdk/lib/lwip/src/core/timeouts.c.o
                0x1000b91c                sys_timeouts_sleeptime
 .text.udp_init
                0x1000b944       0x1c CMakeFiles/shinybot_pico_fw.dir/Users/jordan.sammut/pico-sdk/lib/lwip/src/core/udp.c.o
                0x1000b944                udp_init
 .text.udp_input
                0x1000b960      0x304 CMakeFiles/shinybot_pico_fw.dir/Users/jordan.sammut/pico-sdk/lib/lwip/src/core/udp.c.o
                0x1000b960                udp_input
 .text.udp_bind
                0x1000bc64       0xfc CMakeFiles/shinybot_pico_fw.dir/Users/jordan.sammut/pico-sdk/lib/lwip/src/core/udp.c.o
                0x1000bc64                udp_bind
 .text.udp_sendto_if_src
                0x1000bd60      0x16c CMakeFiles/shinybot_pico_fw.dir/Users/jordan.sammut/pico-sdk/lib/lwip/src/core/udp.c.o
                0x1000bd60                udp_sendto_if_src
 .text.udp_sendto_if
                0x1000becc       0x84 CMakeFiles/shinybot_pico_fw.dir/Users/jordan.sammut/pico-sdk/lib/lwip/src/core/udp.c.o
                0x1000becc                udp_sendto_if
 .text.udp_sendto
                0x1000bf50       0x98 CMakeFiles/shinybot_pico_fw.dir/Users/jordan.sammut/pico-sdk/lib/lwip/src/core/udp.c.o
                0x1000bf50                udp_sendto
 .text.udp_connect
                0x1000bfe8       0x70 CMakeFiles/shinybot_pico_fw.dir/Users/jordan.sammut/pico-sdk/lib/lwip/src/core/udp.c.o
                0x1000bfe8                udp_connect
 .text.udp_recv
                0x1000c058       0x18 CMakeFiles/shinybot_pico_fw.dir/Users/jordan.sammut/pico-sdk/lib/lwip/src/core/udp.c.o
                0x1000c058                udp_recv
 .text.udp_remove
                0x1000c070       0x44 CMakeFiles/shinybot_pico_fw.dir/Users/jordan.sammut/pico-sdk/lib/lwip/src/core/udp.c.o
                0x1000c070                udp_remove
 .text.udp_new  0x1000c0b4       0x1c CMakeFiles/shinybot_pico_fw.dir/Users/jordan.sammut/pico-sdk/lib/lwip/src/core/udp.c.o
                0x1000c0b4                udp_new
 .text.udp_netif_ip_addr_changed
                0x1000c0d0       0x40 CMakeFiles/shinybot_pico_fw.dir/Users/jordan.sammut/pico-sdk/lib/lwip/src/core/udp.c.o
                0x1000c0d0                udp_netif_ip_addr_changed
 .text.dhcp_create_msg
                0x1000c110      0x178 CMakeFiles/shinybot_pico_fw.dir/Users/jordan.sammut/pico-sdk/lib/lwip/src/core/ipv4/dhcp.c.o
 .text.dhcp_bind
                0x1000c288      0x150 CMakeFiles/shinybot_pico_fw.dir/Users/jordan.sammut/pico-sdk/lib/lwip/src/core/ipv4/dhcp.c.o
 .text.dhcp_inc_pcb_refcount
                0x1000c3d8       0x6c CMakeFiles/shinybot_pico_fw.dir/Users/jordan.sammut/pico-sdk/lib/lwip/src/core/ipv4/dhcp.c.o
 .text.dhcp_handle_ack.isra.0
                0x1000c444       0xbc CMakeFiles/shinybot_pico_fw.dir/Users/jordan.sammut/pico-sdk/lib/lwip/src/core/ipv4/dhcp.c.o
 .text.dhcp_discover.isra.0
                0x1000c500      0x124 CMakeFiles/shinybot_pico_fw.dir/Users/jordan.sammut/pico-sdk/lib/lwip/src/core/ipv4/dhcp.c.o
 .text.dhcp_reboot.isra.0
                0x1000c624      0x168 CMakeFiles/shinybot_pico_fw.dir/Users/jordan.sammut/pico-sdk/lib/lwip/src/core/ipv4/dhcp.c.o
 .text.dhcp_select.isra.0
                0x1000c78c      0x1e8 CMakeFiles/shinybot_pico_fw.dir/Users/jordan.sammut/pico-sdk/lib/lwip/src/core/ipv4/dhcp.c.o
 .text.dhcp_recv
                0x1000c974      0x488 CMakeFiles/shinybot_pico_fw.dir/Users/jordan.sammut/pico-sdk/lib/lwip/src/core/ipv4/dhcp.c.o
 .text.dhcp_conflict_callback
                0x1000cdfc      0x124 CMakeFiles/shinybot_pico_fw.dir/Users/jordan.sammut/pico-sdk/lib/lwip/src/core/ipv4/dhcp.c.o
 .text.dhcp_set_struct
                0x1000cf20       0x44 CMakeFiles/shinybot_pico_fw.dir/Users/jordan.sammut/pico-sdk/lib/lwip/src/core/ipv4/dhcp.c.o
                0x1000cf20                dhcp_set_struct
 .text.dhcp_start
                0x1000cf64       0xcc CMakeFiles/shinybot_pico_fw.dir/Users/jordan.sammut/pico-sdk/lib/lwip/src/core/ipv4/dhcp.c.o
                0x1000cf64                dhcp_start
 .text.dhcp_network_changed_link_up
                0x1000d030       0x40 CMakeFiles/shinybot_pico_fw.dir/Users/jordan.sammut/pico-sdk/lib/lwip/src/core/ipv4/dhcp.c.o
                0x1000d030                dhcp_network_changed_link_up
 .text.dhcp_renew
                0x1000d070      0x120 CMakeFiles/shinybot_pico_fw.dir/Users/jordan.sammut/pico-sdk/lib/lwip/src/core/ipv4/dhcp.c.o
                0x1000d070                dhcp_renew
 .text.dhcp_release_and_stop
                0x1000d190      0x158 CMakeFiles/shinybot_pico_fw.dir/Users/jordan.sammut/pico-sdk/lib/lwip/src/core/ipv4/dhcp.c.o
                0x1000d190                dhcp_release_and_stop
 .text.dhcp_coarse_tmr
                0x1000d2e8      0x1c4 CMakeFiles/shinybot_pico_fw.dir/Users/jordan.sammut/pico-sdk/lib/lwip/src/core/ipv4/dhcp.c.o
                0x1000d2e8                dhcp_coarse_tmr
 .text.dhcp_fine_tmr
                0x1000d4ac       0x78 CMakeFiles/shinybot_pico_fw.dir/Users/jordan.sammut/pico-sdk/lib/lwip/src/core/ipv4/dhcp.c.o
                0x1000d4ac                dhcp_fine_tmr
 .text.dhcp_stop
                0x1000d524        0x8 CMakeFiles/shinybot_pico_fw.dir/Users/jordan.sammut/pico-sdk/lib/lwip/src/core/ipv4/dhcp.c.o
                0x1000d524                dhcp_stop
 .text.etharp_find_entry
                0x1000d52c      0x3d4 CMakeFiles/shinybot_pico_fw.dir/Users/jordan.sammut/pico-sdk/lib/lwip/src/core/ipv4/etharp.c.o
 .text.etharp_raw
                0x1000d900       0xec CMakeFiles/shinybot_pico_fw.dir/Users/jordan.sammut/pico-sdk/lib/lwip/src/core/ipv4/etharp.c.o
 .text.etharp_output_to_arp_index
                0x1000d9ec       0xc4 CMakeFiles/shinybot_pico_fw.dir/Users/jordan.sammut/pico-sdk/lib/lwip/src/core/ipv4/etharp.c.o
 .text.etharp_tmr
                0x1000dab0       0xa4 CMakeFiles/shinybot_pico_fw.dir/Users/jordan.sammut/pico-sdk/lib/lwip/src/core/ipv4/etharp.c.o
                0x1000dab0                etharp_tmr
 .text.etharp_cleanup_netif
                0x1000db54      0x270 CMakeFiles/shinybot_pico_fw.dir/Users/jordan.sammut/pico-sdk/lib/lwip/src/core/ipv4/etharp.c.o
                0x1000db54                etharp_cleanup_netif
 .text.etharp_input
                0x1000ddc4      0x1bc CMakeFiles/shinybot_pico_fw.dir/Users/jordan.sammut/pico-sdk/lib/lwip/src/core/ipv4/etharp.c.o
                0x1000ddc4                etharp_input
 .text.etharp_query
                0x1000df80      0x190 CMakeFiles/shinybot_pico_fw.dir/Users/jordan.sammut/pico-sdk/lib/lwip/src/core/ipv4/etharp.c.o
                0x1000df80                etharp_query
 .text.etharp_output
                0x1000e110      0x248 CMakeFiles/shinybot_pico_fw.dir/Users/jordan.sammut/pico-sdk/lib/lwip/src/core/ipv4/etharp.c.o
                0x1000e110                etharp_output
 .text.etharp_acd_probe
                0x1000e358       0x30 CMakeFiles/shinybot_pico_fw.dir/Users/jordan.sammut/pico-sdk/lib/lwip/src/core/ipv4/etharp.c.o
                0x1000e358                etharp_acd_probe
 .text.etharp_acd_announce
                0x1000e388       0x28 CMakeFiles/shinybot_pico_fw.dir/Users/jordan.sammut/pico-sdk/lib/lwip/src/core/ipv4/etharp.c.o
                0x1000e388                etharp_acd_announce
 .text.icmp_input
                0x1000e3b0      0x1dc CMakeFiles/shinybot_pico_fw.dir/Users/jordan.sammut/pico-sdk/lib/lwip/src/core/ipv4/icmp.c.o
                0x1000e3b0                icmp_input
 .text.icmp_dest_unreach
                0x1000e58c       0xc4 CMakeFiles/shinybot_pico_fw.dir/Users/jordan.sammut/pico-sdk/lib/lwip/src/core/ipv4/icmp.c.o
                0x1000e58c                icmp_dest_unreach
 .text.icmp_time_exceeded
                0x1000e650       0xc4 CMakeFiles/shinybot_pico_fw.dir/Users/jordan.sammut/pico-sdk/lib/lwip/src/core/ipv4/icmp.c.o
                0x1000e650                icmp_time_exceeded
 .text.ipfrag_free_pbuf_custom
                0x1000e714       0x24 CMakeFiles/shinybot_pico_fw.dir/Users/jordan.sammut/pico-sdk/lib/lwip/src/core/ipv4/ip4_frag.c.o
 .text.ip_reass_free_complete_datagram
                0x1000e738      0x118 CMakeFiles/shinybot_pico_fw.dir/Users/jordan.sammut/pico-sdk/lib/lwip/src/core/ipv4/ip4_frag.c.o
 .text.ip_reass_remove_oldest_datagram
                0x1000e850      0x118 CMakeFiles/shinybot_pico_fw.dir/Users/jordan.sammut/pico-sdk/lib/lwip/src/core/ipv4/ip4_frag.c.o
 .text.ip_reass_tmr
                0x1000e968       0x30 CMakeFiles/shinybot_pico_fw.dir/Users/jordan.sammut/pico-sdk/lib/lwip/src/core/ipv4/ip4_frag.c.o
                0x1000e968                ip_reass_tmr
 .text.ip4_reass
                0x1000e998      0x520 CMakeFiles/shinybot_pico_fw.dir/Users/jordan.sammut/pico-sdk/lib/lwip/src/core/ipv4/ip4_frag.c.o
                0x1000e998                ip4_reass
 .text.ip4_frag
                0x1000eeb8      0x200 CMakeFiles/shinybot_pico_fw.dir/Users/jordan.sammut/pico-sdk/lib/lwip/src/core/ipv4/ip4_frag.c.o
                0x1000eeb8                ip4_frag
 .text.ip4_route
                0x1000f0b8       0x80 CMakeFiles/shinybot_pico_fw.dir/Users/jordan.sammut/pico-sdk/lib/lwip/src/core/ipv4/ip4.c.o
                0x1000f0b8                ip4_route
 .text.ip4_input
                0x1000f138      0x2dc CMakeFiles/shinybot_pico_fw.dir/Users/jordan.sammut/pico-sdk/lib/lwip/src/core/ipv4/ip4.c.o
                0x1000f138                ip4_input
 .text.ip4_output_if
                0x1000f414      0x1a4 CMakeFiles/shinybot_pico_fw.dir/Users/jordan.sammut/pico-sdk/lib/lwip/src/core/ipv4/ip4.c.o
                0x1000f414                ip4_output_if
 .text.ip4_output_if_src
                0x1000f5b8      0x188 CMakeFiles/shinybot_pico_fw.dir/Users/jordan.sammut/pico-sdk/lib/lwip/src/core/ipv4/ip4.c.o
                0x1000f5b8                ip4_output_if_src
 .text.ip4_addr_isbroadcast_u32
                0x1000f740       0x3c CMakeFiles/shinybot_pico_fw.dir/Users/jordan.sammut/pico-sdk/lib/lwip/src/core/ipv4/ip4_addr.c.o
                0x1000f740                ip4_addr_isbroadcast_u32
 .text.acd_add  0x1000f77c       0x30 CMakeFiles/shinybot_pico_fw.dir/Users/jordan.sammut/pico-sdk/lib/lwip/src/core/ipv4/acd.c.o
                0x1000f77c                acd_add
 .text.acd_remove
                0x1000f7ac       0x38 CMakeFiles/shinybot_pico_fw.dir/Users/jordan.sammut/pico-sdk/lib/lwip/src/core/ipv4/acd.c.o
                0x1000f7ac                acd_remove
 .text.acd_start
                0x1000f7e4       0x20 CMakeFiles/shinybot_pico_fw.dir/Users/jordan.sammut/pico-sdk/lib/lwip/src/core/ipv4/acd.c.o
                0x1000f7e4                acd_start
 .text.acd_network_changed_link_down
                0x1000f804       0x14 CMakeFiles/shinybot_pico_fw.dir/Users/jordan.sammut/pico-sdk/lib/lwip/src/core/ipv4/acd.c.o
                0x1000f804                acd_network_changed_link_down
 .text.acd_tmr  0x1000f818       0xe8 CMakeFiles/shinybot_pico_fw.dir/Users/jordan.sammut/pico-sdk/lib/lwip/src/core/ipv4/acd.c.o
                0x1000f818                acd_tmr
 .text.acd_arp_reply
                0x1000f900      0x198 CMakeFiles/shinybot_pico_fw.dir/Users/jordan.sammut/pico-sdk/lib/lwip/src/core/ipv4/acd.c.o
                0x1000f900                acd_arp_reply
 .text.acd_netif_ip_addr_changed
                0x1000fa98       0x74 CMakeFiles/shinybot_pico_fw.dir/Users/jordan.sammut/pico-sdk/lib/lwip/src/core/ipv4/acd.c.o
                0x1000fa98                acd_netif_ip_addr_changed
 .text.ethernet_input
                0x1000fb0c       0xd0 CMakeFiles/shinybot_pico_fw.dir/Users/jordan.sammut/pico-sdk/lib/lwip/src/netif/ethernet.c.o
                0x1000fb0c                ethernet_input
 .text.ethernet_output
                0x1000fbdc       0x78 CMakeFiles/shinybot_pico_fw.dir/Users/jordan.sammut/pico-sdk/lib/lwip/src/netif/ethernet.c.o
                0x1000fbdc                ethernet_output
 .text.cyw43_arch_wifi_connect_bssid_until.part.0
                0x1000fc54      0x144 CMakeFiles/shinybot_pico_fw.dir/Users/jordan.sammut/pico-sdk/src/rp2_common/pico_cyw43_arch/cyw43_arch.c.o
 .text.cyw43_arch_set_async_context
                0x1000fd98        0xc CMakeFiles/shinybot_pico_fw.dir/Users/jordan.sammut/pico-sdk/src/rp2_common/pico_cyw43_arch/cyw43_arch.c.o
                0x1000fd98                cyw43_arch_set_async_context
 .text.cyw43_arch_enable_sta_mode
                0x1000fda4       0x1c CMakeFiles/shinybot_pico_fw.dir/Users/jordan.sammut/pico-sdk/src/rp2_common/pico_cyw43_arch/cyw43_arch.c.o
                0x1000fda4                cyw43_arch_enable_sta_mode
 .text.cyw43_arch_wifi_connect_timeout_ms
                0x1000fdc0       0x94 CMakeFiles/shinybot_pico_fw.dir/Users/jordan.sammut/pico-sdk/src/rp2_common/pico_cyw43_arch/cyw43_arch.c.o
                0x1000fdc0                cyw43_arch_wifi_connect_timeout_ms
 .text.cyw43_arch_gpio_put
                0x1000fe54       0x14 CMakeFiles/shinybot_pico_fw.dir/Users/jordan.sammut/pico-sdk/src/rp2_common/pico_cyw43_arch/cyw43_arch.c.o
                0x1000fe54                cyw43_arch_gpio_put
 .text.cyw43_arch_async_context
                0x1000fe68        0xc CMakeFiles/shinybot_pico_fw.dir/Users/jordan.sammut/pico-sdk/src/rp2_common/pico_cyw43_arch/cyw43_arch.c.o
                0x1000fe68                cyw43_arch_async_context
 .text.cyw43_arch_init
                0x1000fe74       0x74 CMakeFiles/shinybot_pico_fw.dir/Users/jordan.sammut/pico-sdk/src/rp2_common/pico_cyw43_arch/cyw43_arch_threadsafe_background.c.o
                0x1000fe74                cyw43_arch_init
 .text.ns_delay.constprop.0
                0x1000fee8       0x20 CMakeFiles/shinybot_pico_fw.dir/Users/jordan.sammut/pico-sdk/src/rp2_common/pico_cyw43_driver/cyw43_bus_pio_spi.c.o
 .text.cyw43_spi_deinit
                0x1000ff08       0x6c CMakeFiles/shinybot_pico_fw.dir/Users/jordan.sammut/pico-sdk/src/rp2_common/pico_cyw43_driver/cyw43_bus_pio_spi.c.o
                0x1000ff08                cyw43_spi_deinit
 .text.cyw43_spi_init
                0x1000ff74      0x128 CMakeFiles/shinybot_pico_fw.dir/Users/jordan.sammut/pico-sdk/src/rp2_common/pico_cyw43_driver/cyw43_bus_pio_spi.c.o
                0x1000ff74                cyw43_spi_init
 .text.cyw43_spi_transfer
                0x1001009c      0x41c CMakeFiles/shinybot_pico_fw.dir/Users/jordan.sammut/pico-sdk/src/rp2_common/pico_cyw43_driver/cyw43_bus_pio_spi.c.o
                0x1001009c                cyw43_spi_transfer
 .text.cyw43_spi_gpio_setup
                0x100104b8       0x3c CMakeFiles/shinybot_pico_fw.dir/Users/jordan.sammut/pico-sdk/src/rp2_common/pico_cyw43_driver/cyw43_bus_pio_spi.c.o
                0x100104b8                cyw43_spi_gpio_setup
 .text.cyw43_spi_reset
                0x100104f4       0x28 CMakeFiles/shinybot_pico_fw.dir/Users/jordan.sammut/pico-sdk/src/rp2_common/pico_cyw43_driver/cyw43_bus_pio_spi.c.o
                0x100104f4                cyw43_spi_reset
 .text.read_reg_u32_swap
                0x1001051c       0x44 CMakeFiles/shinybot_pico_fw.dir/Users/jordan.sammut/pico-sdk/src/rp2_common/pico_cyw43_driver/cyw43_bus_pio_spi.c.o
                0x1001051c                read_reg_u32_swap
 .text.cyw43_read_reg_u32
                0x10010560       0x54 CMakeFiles/shinybot_pico_fw.dir/Users/jordan.sammut/pico-sdk/src/rp2_common/pico_cyw43_driver/cyw43_bus_pio_spi.c.o
                0x10010560                cyw43_read_reg_u32
 .text.cyw43_read_reg_u16
                0x100105b4       0x54 CMakeFiles/shinybot_pico_fw.dir/Users/jordan.sammut/pico-sdk/src/rp2_common/pico_cyw43_driver/cyw43_bus_pio_spi.c.o
                0x100105b4                cyw43_read_reg_u16
 .text.cyw43_read_reg_u8
                0x10010608       0x54 CMakeFiles/shinybot_pico_fw.dir/Users/jordan.sammut/pico-sdk/src/rp2_common/pico_cyw43_driver/cyw43_bus_pio_spi.c.o
                0x10010608                cyw43_read_reg_u8
 .text.write_reg_u32_swap
                0x1001065c      0x1f8 CMakeFiles/shinybot_pico_fw.dir/Users/jordan.sammut/pico-sdk/src/rp2_common/pico_cyw43_driver/cyw43_bus_pio_spi.c.o
                0x1001065c                write_reg_u32_swap
 .text.cyw43_write_reg_u32
                0x10010854      0x1f4 CMakeFiles/shinybot_pico_fw.dir/Users/jordan.sammut/pico-sdk/src/rp2_common/pico_cyw43_driver/cyw43_bus_pio_spi.c.o
                0x10010854                cyw43_write_reg_u32
 .text.cyw43_write_reg_u16
                0x10010a48      0x1f4 CMakeFiles/shinybot_pico_fw.dir/Users/jordan.sammut/pico-sdk/src/rp2_common/pico_cyw43_driver/cyw43_bus_pio_spi.c.o
                0x10010a48                cyw43_write_reg_u16
 .text.cyw43_write_reg_u8
                0x10010c3c      0x1f4 CMakeFiles/shinybot_pico_fw.dir/Users/jordan.sammut/pico-sdk/src/rp2_common/pico_cyw43_driver/cyw43_bus_pio_spi.c.o
                0x10010c3c                cyw43_write_reg_u8
 .text.cyw43_read_bytes
                0x10010e30       0x80 CMakeFiles/shinybot_pico_fw.dir/Users/jordan.sammut/pico-sdk/src/rp2_common/pico_cyw43_driver/cyw43_bus_pio_spi.c.o
                0x10010e30                cyw43_read_bytes
 .text.cyw43_write_bytes
                0x10010eb0       0xb4 CMakeFiles/shinybot_pico_fw.dir/Users/jordan.sammut/pico-sdk/src/rp2_common/pico_cyw43_driver/cyw43_bus_pio_spi.c.o
                0x10010eb0                cyw43_write_bytes
 .text.cyw43_set_backplane_window
                0x10010f64       0x68 CMakeFiles/shinybot_pico_fw.dir/Users/jordan.sammut/pico-sdk/lib/cyw43-driver/src/cyw43_ll.c.o
 .text.cyw43_ll_parse_async_event
                0x10010fcc      0x12c CMakeFiles/shinybot_pico_fw.dir/Users/jordan.sammut/pico-sdk/lib/cyw43-driver/src/cyw43_ll.c.o
 .text.cyw43_kso_set
                0x100110f8       0x80 CMakeFiles/shinybot_pico_fw.dir/Users/jordan.sammut/pico-sdk/lib/cyw43-driver/src/cyw43_ll.c.o
 .text.cyw43_ll_sdpcm_poll_device
                0x10011178      0x230 CMakeFiles/shinybot_pico_fw.dir/Users/jordan.sammut/pico-sdk/lib/cyw43-driver/src/cyw43_ll.c.o
 .text.cyw43_sdpcm_send_common
                0x100113a8       0xf4 CMakeFiles/shinybot_pico_fw.dir/Users/jordan.sammut/pico-sdk/lib/cyw43-driver/src/cyw43_ll.c.o
 .text.cyw43_do_ioctl.part.0
                0x1001149c       0xc4 CMakeFiles/shinybot_pico_fw.dir/Users/jordan.sammut/pico-sdk/lib/cyw43-driver/src/cyw43_ll.c.o
 .text.cyw43_write_iovar_u32.constprop.0
                0x10011560       0x9c CMakeFiles/shinybot_pico_fw.dir/Users/jordan.sammut/pico-sdk/lib/cyw43-driver/src/cyw43_ll.c.o
 .text.cyw43_write_iovar_n
                0x100115fc       0x8c CMakeFiles/shinybot_pico_fw.dir/Users/jordan.sammut/pico-sdk/lib/cyw43-driver/src/cyw43_ll.c.o
 .text.cyw43_write_iovar_u32_u32.constprop.0
                0x10011688       0xac CMakeFiles/shinybot_pico_fw.dir/Users/jordan.sammut/pico-sdk/lib/cyw43-driver/src/cyw43_ll.c.o
 .text.cyw43_read_backplane.constprop.0
                0x10011734       0xe4 CMakeFiles/shinybot_pico_fw.dir/Users/jordan.sammut/pico-sdk/lib/cyw43-driver/src/cyw43_ll.c.o
 .text.cyw43_write_backplane
                0x10011818      0x104 CMakeFiles/shinybot_pico_fw.dir/Users/jordan.sammut/pico-sdk/lib/cyw43-driver/src/cyw43_ll.c.o
 .text.reset_device_core.constprop.0
                0x1001191c      0x408 CMakeFiles/shinybot_pico_fw.dir/Users/jordan.sammut/pico-sdk/lib/cyw43-driver/src/cyw43_ll.c.o
 .text.cyw43_ll_init
                0x10011d24       0x1c CMakeFiles/shinybot_pico_fw.dir/Users/jordan.sammut/pico-sdk/lib/cyw43-driver/src/cyw43_ll.c.o
                0x10011d24                cyw43_ll_init
 .text.cyw43_ll_deinit
                0x10011d40        0x8 CMakeFiles/shinybot_pico_fw.dir/Users/jordan.sammut/pico-sdk/lib/cyw43-driver/src/cyw43_ll.c.o
                0x10011d40                cyw43_ll_deinit
 .text.cyw43_ll_send_ethernet
                0x10011d48       0x5c CMakeFiles/shinybot_pico_fw.dir/Users/jordan.sammut/pico-sdk/lib/cyw43-driver/src/cyw43_ll.c.o
                0x10011d48                cyw43_ll_send_ethernet
 .text.cyw43_ll_process_packets
                0x10011da4       0x54 CMakeFiles/shinybot_pico_fw.dir/Users/jordan.sammut/pico-sdk/lib/cyw43-driver/src/cyw43_ll.c.o
                0x10011da4                cyw43_ll_process_packets
 .text.cyw43_ll_ioctl
                0x10011df8       0x7c CMakeFiles/shinybot_pico_fw.dir/Users/jordan.sammut/pico-sdk/lib/cyw43-driver/src/cyw43_ll.c.o
                0x10011df8                cyw43_ll_ioctl
 .text.cyw43_ll_bus_sleep
                0x10011e74       0x34 CMakeFiles/shinybot_pico_fw.dir/Users/jordan.sammut/pico-sdk/lib/cyw43-driver/src/cyw43_ll.c.o
                0x10011e74                cyw43_ll_bus_sleep
 .text.cyw43_ll_wifi_on
                0x10011ea8      0x1f0 CMakeFiles/shinybot_pico_fw.dir/Users/jordan.sammut/pico-sdk/lib/cyw43-driver/src/cyw43_ll.c.o
                0x10011ea8                cyw43_ll_wifi_on
 .text.cyw43_ll_wifi_get_mac
                0x10012098       0x74 CMakeFiles/shinybot_pico_fw.dir/Users/jordan.sammut/pico-sdk/lib/cyw43-driver/src/cyw43_ll.c.o
                0x10012098                cyw43_ll_wifi_get_mac
 .text.cyw43_ll_bus_init
                0x1001210c      0x8a4 CMakeFiles/shinybot_pico_fw.dir/Users/jordan.sammut/pico-sdk/lib/cyw43-driver/src/cyw43_ll.c.o
                0x1001210c                cyw43_ll_bus_init
 .text.cyw43_ll_wifi_pm
                0x100129b0      0x118 CMakeFiles/shinybot_pico_fw.dir/Users/jordan.sammut/pico-sdk/lib/cyw43-driver/src/cyw43_ll.c.o
                0x100129b0                cyw43_ll_wifi_pm
 .text.cyw43_ll_wifi_join
                0x10012ac8      0x498 CMakeFiles/shinybot_pico_fw.dir/Users/jordan.sammut/pico-sdk/lib/cyw43-driver/src/cyw43_ll.c.o
                0x10012ac8                cyw43_ll_wifi_join
 .text.cyw43_ll_wifi_set_wpa_auth
                0x10012f60       0x48 CMakeFiles/shinybot_pico_fw.dir/Users/jordan.sammut/pico-sdk/lib/cyw43-driver/src/cyw43_ll.c.o
                0x10012f60                cyw43_ll_wifi_set_wpa_auth
 .text.cyw43_ll_wifi_rejoin
                0x10012fa8       0x58 CMakeFiles/shinybot_pico_fw.dir/Users/jordan.sammut/pico-sdk/lib/cyw43-driver/src/cyw43_ll.c.o
                0x10012fa8                cyw43_ll_wifi_rejoin
 .text.cyw43_ll_wifi_ap_init
                0x10013000      0x4b4 CMakeFiles/shinybot_pico_fw.dir/Users/jordan.sammut/pico-sdk/lib/cyw43-driver/src/cyw43_ll.c.o
                0x10013000                cyw43_ll_wifi_ap_init
 .text.cyw43_ll_wifi_ap_set_up
                0x100134b4       0x70 CMakeFiles/shinybot_pico_fw.dir/Users/jordan.sammut/pico-sdk/lib/cyw43-driver/src/cyw43_ll.c.o
                0x100134b4                cyw43_ll_wifi_ap_set_up
 .text.cyw43_ll_gpio_set
                0x10013524       0x90 CMakeFiles/shinybot_pico_fw.dir/Users/jordan.sammut/pico-sdk/lib/cyw43-driver/src/cyw43_ll.c.o
                0x10013524                cyw43_ll_gpio_set
 .text.cyw43_ll_has_work
                0x100135b4       0x14 CMakeFiles/shinybot_pico_fw.dir/Users/jordan.sammut/pico-sdk/lib/cyw43-driver/src/cyw43_ll.c.o
                0x100135b4                cyw43_ll_has_work
 .text.cyw43_netif_init
                0x100135c8       0x3c CMakeFiles/shinybot_pico_fw.dir/Users/jordan.sammut/pico-sdk/lib/cyw43-driver/src/cyw43_lwip.c.o
 .text.cyw43_netif_output
                0x10013604       0x38 CMakeFiles/shinybot_pico_fw.dir/Users/jordan.sammut/pico-sdk/lib/cyw43-driver/src/cyw43_lwip.c.o
 .text.cyw43_cb_tcpip_init
                0x1001363c       0xdc CMakeFiles/shinybot_pico_fw.dir/Users/jordan.sammut/pico-sdk/lib/cyw43-driver/src/cyw43_lwip.c.o
                0x1001363c                cyw43_cb_tcpip_init
 .text.cyw43_cb_tcpip_deinit
                0x10013718       0x4c CMakeFiles/shinybot_pico_fw.dir/Users/jordan.sammut/pico-sdk/lib/cyw43-driver/src/cyw43_lwip.c.o
                0x10013718                cyw43_cb_tcpip_deinit
 .text.cyw43_cb_process_ethernet
                0x10013764       0x6c CMakeFiles/shinybot_pico_fw.dir/Users/jordan.sammut/pico-sdk/lib/cyw43-driver/src/cyw43_lwip.c.o
                0x10013764                cyw43_cb_process_ethernet
 .text.cyw43_cb_tcpip_set_link_up
                0x100137d0       0x18 CMakeFiles/shinybot_pico_fw.dir/Users/jordan.sammut/pico-sdk/lib/cyw43-driver/src/cyw43_lwip.c.o
                0x100137d0                cyw43_cb_tcpip_set_link_up
 .text.cyw43_cb_tcpip_set_link_down
                0x100137e8       0x18 CMakeFiles/shinybot_pico_fw.dir/Users/jordan.sammut/pico-sdk/lib/cyw43-driver/src/cyw43_lwip.c.o
                0x100137e8                cyw43_cb_tcpip_set_link_down
 .text.cyw43_tcpip_link_status
                0x10013800       0x34 CMakeFiles/shinybot_pico_fw.dir/Users/jordan.sammut/pico-sdk/lib/cyw43-driver/src/cyw43_lwip.c.o
                0x10013800                cyw43_tcpip_link_status
 .text.cyw43_poll_func
                0x10013834       0xc0 CMakeFiles/shinybot_pico_fw.dir/Users/jordan.sammut/pico-sdk/lib/cyw43-driver/src/cyw43_ctrl.c.o
 .text.cyw43_init
                0x100138f4       0x6c CMakeFiles/shinybot_pico_fw.dir/Users/jordan.sammut/pico-sdk/lib/cyw43-driver/src/cyw43_ctrl.c.o
                0x100138f4                cyw43_init
 .text.cyw43_deinit
                0x10013960       0x90 CMakeFiles/shinybot_pico_fw.dir/Users/jordan.sammut/pico-sdk/lib/cyw43-driver/src/cyw43_ctrl.c.o
                0x10013960                cyw43_deinit
 .text.cyw43_cb_read_host_interrupt_pin
                0x100139f0        0xc CMakeFiles/shinybot_pico_fw.dir/Users/jordan.sammut/pico-sdk/lib/cyw43-driver/src/cyw43_ctrl.c.o
                0x100139f0                cyw43_cb_read_host_interrupt_pin
 .text.cyw43_cb_ensure_awake
                0x100139fc        0xc CMakeFiles/shinybot_pico_fw.dir/Users/jordan.sammut/pico-sdk/lib/cyw43-driver/src/cyw43_ctrl.c.o
                0x100139fc                cyw43_cb_ensure_awake
 .text.cyw43_cb_process_async_event
                0x10013a08      0x218 CMakeFiles/shinybot_pico_fw.dir/Users/jordan.sammut/pico-sdk/lib/cyw43-driver/src/cyw43_ctrl.c.o
                0x10013a08                cyw43_cb_process_async_event
 .text.cyw43_send_ethernet
                0x10013c20       0xb8 CMakeFiles/shinybot_pico_fw.dir/Users/jordan.sammut/pico-sdk/lib/cyw43-driver/src/cyw43_ctrl.c.o
                0x10013c20                cyw43_send_ethernet
 .text.cyw43_wifi_get_mac
                0x10013cd8       0x10 CMakeFiles/shinybot_pico_fw.dir/Users/jordan.sammut/pico-sdk/lib/cyw43-driver/src/cyw43_ctrl.c.o
                0x10013cd8                cyw43_wifi_get_mac
 .text.cyw43_wifi_set_up
                0x10013ce8      0x358 CMakeFiles/shinybot_pico_fw.dir/Users/jordan.sammut/pico-sdk/lib/cyw43-driver/src/cyw43_ctrl.c.o
                0x10013ce8                cyw43_wifi_set_up
 .text.cyw43_wifi_link_status
                0x10014040       0x3c CMakeFiles/shinybot_pico_fw.dir/Users/jordan.sammut/pico-sdk/lib/cyw43-driver/src/cyw43_ctrl.c.o
                0x10014040                cyw43_wifi_link_status
 .text.cyw43_wifi_join
                0x1001407c       0xe8 CMakeFiles/shinybot_pico_fw.dir/Users/jordan.sammut/pico-sdk/lib/cyw43-driver/src/cyw43_ctrl.c.o
                0x1001407c                cyw43_wifi_join
 .text.cyw43_gpio_set
                0x10014164       0xa0 CMakeFiles/shinybot_pico_fw.dir/Users/jordan.sammut/pico-sdk/lib/cyw43-driver/src/cyw43_ctrl.c.o
                0x10014164                cyw43_gpio_set
 .text.pio_sm_set_pindirs_with_mask64
                0x10014204       0xa8 CMakeFiles/shinybot_pico_fw.dir/Users/jordan.sammut/pico-sdk/src/rp2_common/hardware_pio/pio.c.o
                0x10014204                pio_sm_set_pindirs_with_mask64
 .text.pio_sm_set_consecutive_pindirs
                0x100142ac       0xb0 CMakeFiles/shinybot_pico_fw.dir/Users/jordan.sammut/pico-sdk/src/rp2_common/hardware_pio/pio.c.o
                0x100142ac                pio_sm_set_consecutive_pindirs
 .text.pio_claim_free_sm_and_add_program_for_gpio_range
                0x1001435c      0x190 CMakeFiles/shinybot_pico_fw.dir/Users/jordan.sammut/pico-sdk/src/rp2_common/hardware_pio/pio.c.o
                0x1001435c                pio_claim_free_sm_and_add_program_for_gpio_range
 .text.pio_remove_program_and_unclaim_sm
                0x100144ec       0x40 CMakeFiles/shinybot_pico_fw.dir/Users/jordan.sammut/pico-sdk/src/rp2_common/hardware_pio/pio.c.o
                0x100144ec                pio_remove_program_and_unclaim_sm
 .text.dma_channel_unclaim
                0x1001452c       0x10 CMakeFiles/shinybot_pico_fw.dir/Users/jordan.sammut/pico-sdk/src/rp2_common/hardware_dma/dma.c.o
                0x1001452c                dma_channel_unclaim
 .text.dma_claim_unused_channel
                0x1001453c       0x20 CMakeFiles/shinybot_pico_fw.dir/Users/jordan.sammut/pico-sdk/src/rp2_common/hardware_dma/dma.c.o
                0x1001453c                dma_claim_unused_channel
 .text.dma_channel_cleanup
                0x1001455c       0x60 CMakeFiles/shinybot_pico_fw.dir/Users/jordan.sammut/pico-sdk/src/rp2_common/hardware_dma/dma.c.o
                0x1001455c                dma_channel_cleanup
 .text.cyw43_sleep_timeout_reached
                0x100145bc       0x10 CMakeFiles/shinybot_pico_fw.dir/Users/jordan.sammut/pico-sdk/src/rp2_common/pico_cyw43_driver/cyw43_driver.c.o
 .text.cyw43_irq_init
                0x100145cc       0x28 CMakeFiles/shinybot_pico_fw.dir/Users/jordan.sammut/pico-sdk/src/rp2_common/pico_cyw43_driver/cyw43_driver.c.o
                0x100145cc                cyw43_irq_init
 .text.cyw43_irq_deinit
                0x100145f4       0x20 CMakeFiles/shinybot_pico_fw.dir/Users/jordan.sammut/pico-sdk/src/rp2_common/pico_cyw43_driver/cyw43_driver.c.o
                0x100145f4                cyw43_irq_deinit
 .text.cyw43_gpio_irq_handler
                0x10014614       0x44 CMakeFiles/shinybot_pico_fw.dir/Users/jordan.sammut/pico-sdk/src/rp2_common/pico_cyw43_driver/cyw43_driver.c.o
 .text.cyw43_do_poll
                0x10014658       0x6c CMakeFiles/shinybot_pico_fw.dir/Users/jordan.sammut/pico-sdk/src/rp2_common/pico_cyw43_driver/cyw43_driver.c.o
 .text.cyw43_post_poll_hook
                0x100146c4       0x10 CMakeFiles/shinybot_pico_fw.dir/Users/jordan.sammut/pico-sdk/src/rp2_common/pico_cyw43_driver/cyw43_driver.c.o
                0x100146c4                cyw43_post_poll_hook
 .text.cyw43_schedule_internal_poll_dispatch
                0x100146d4       0x18 CMakeFiles/shinybot_pico_fw.dir/Users/jordan.sammut/pico-sdk/src/rp2_common/pico_cyw43_driver/cyw43_driver.c.o
                0x100146d4                cyw43_schedule_internal_poll_dispatch
 .text.cyw43_driver_init
                0x100146ec       0x38 CMakeFiles/shinybot_pico_fw.dir/Users/jordan.sammut/pico-sdk/src/rp2_common/pico_cyw43_driver/cyw43_driver.c.o
                0x100146ec                cyw43_driver_init
 .text.cyw43_driver_deinit
                0x10014724       0x4c CMakeFiles/shinybot_pico_fw.dir/Users/jordan.sammut/pico-sdk/src/rp2_common/pico_cyw43_driver/cyw43_driver.c.o
                0x10014724                cyw43_driver_deinit
 .text.cyw43_hal_generate_laa_mac
                0x10014770       0x28 CMakeFiles/shinybot_pico_fw.dir/Users/jordan.sammut/pico-sdk/src/rp2_common/pico_cyw43_driver/cyw43_driver.c.o
                0x10014770                cyw43_hal_generate_laa_mac
 .text.cyw43_hal_get_mac
                0x10014798       0x14 CMakeFiles/shinybot_pico_fw.dir/Users/jordan.sammut/pico-sdk/src/rp2_common/pico_cyw43_driver/cyw43_driver.c.o
                0x10014798                cyw43_hal_get_mac
 .text.cyw43_thread_enter
                0x100147ac       0x14 CMakeFiles/shinybot_pico_fw.dir/Users/jordan.sammut/pico-sdk/src/rp2_common/pico_cyw43_driver/cyw43_driver.c.o
                0x100147ac                cyw43_thread_enter
 .text.cyw43_thread_exit
                0x100147c0       0x14 CMakeFiles/shinybot_pico_fw.dir/Users/jordan.sammut/pico-sdk/src/rp2_common/pico_cyw43_driver/cyw43_driver.c.o
                0x100147c0                cyw43_thread_exit
 .text.cyw43_await_background_or_timeout_us
                0x100147d4       0x5c CMakeFiles/shinybot_pico_fw.dir/Users/jordan.sammut/pico-sdk/src/rp2_common/pico_cyw43_driver/cyw43_driver.c.o
                0x100147d4                cyw43_await_background_or_timeout_us
 .text.cyw43_delay_ms
                0x10014830       0x44 CMakeFiles/shinybot_pico_fw.dir/Users/jordan.sammut/pico-sdk/src/rp2_common/pico_cyw43_driver/cyw43_driver.c.o
                0x10014830                cyw43_delay_ms
 .text.cyw43_delay_us
                0x10014874       0x30 CMakeFiles/shinybot_pico_fw.dir/Users/jordan.sammut/pico-sdk/src/rp2_common/pico_cyw43_driver/cyw43_driver.c.o
                0x10014874                cyw43_delay_us
 .text.async_context_threadsafe_background_acquire_lock_blocking
                0x100148a4        0xc CMakeFiles/shinybot_pico_fw.dir/Users/jordan.sammut/pico-sdk/src/rp2_common/pico_async_context/async_context_threadsafe_background.c.o
 .text.alarm_handler
                0x100148b0       0x20 CMakeFiles/shinybot_pico_fw.dir/Users/jordan.sammut/pico-sdk/src/rp2_common/pico_async_context/async_context_threadsafe_background.c.o
 .text.async_context_threadsafe_background_set_work_pending
                0x100148d0       0x1c CMakeFiles/shinybot_pico_fw.dir/Users/jordan.sammut/pico-sdk/src/rp2_common/pico_async_context/async_context_threadsafe_background.c.o
 .text.process_under_lock